Archive member included to satisfy reference by file (symbol)

c:/program files (x86)/atmel/studio/7.0/toolchain/arm/arm-gnu-toolchain/bin/../lib/gcc/arm-none-eabi/6.3.1/thumb/v7e-m\libgcc.a(_arm_addsubsf3.o)
                              src/app/at90e_xx/at90e_xx.o (__aeabi_ui2f)
c:/program files (x86)/atmel/studio/7.0/toolchain/arm/arm-gnu-toolchain/bin/../lib/gcc/arm-none-eabi/6.3.1/thumb/v7e-m\libgcc.a(_arm_muldivsf3.o)
                              src/app/at90e_xx/at90e_xx.o (__aeabi_fmul)
c:/program files (x86)/atmel/studio/7.0/toolchain/arm/arm-gnu-toolchain/bin/../lib/gcc/arm-none-eabi/6.3.1/thumb/v7e-m\libgcc.a(_arm_fixunssfsi.o)
                              src/app/communication/comprocess.o (__aeabi_f2uiz)
c:/program files (x86)/atmel/studio/7.0/toolchain/arm/arm-gnu-toolchain/bin/../lib/gcc/arm-none-eabi/6.3.1/thumb/v7e-m\libgcc.a(_aeabi_uldivmod.o)
                              src/app/at90e_xx/at90e_xx.o (__aeabi_uldivmod)
c:/program files (x86)/atmel/studio/7.0/toolchain/arm/arm-gnu-toolchain/bin/../lib/gcc/arm-none-eabi/6.3.1/thumb/v7e-m\libgcc.a(_udivmoddi4.o)
                              c:/program files (x86)/atmel/studio/7.0/toolchain/arm/arm-gnu-toolchain/bin/../lib/gcc/arm-none-eabi/6.3.1/thumb/v7e-m\libgcc.a(_aeabi_uldivmod.o) (__udivmoddi4)
c:/program files (x86)/atmel/studio/7.0/toolchain/arm/arm-gnu-toolchain/bin/../lib/gcc/arm-none-eabi/6.3.1/thumb/v7e-m\libgcc.a(_dvmd_tls.o)
                              c:/program files (x86)/atmel/studio/7.0/toolchain/arm/arm-gnu-toolchain/bin/../lib/gcc/arm-none-eabi/6.3.1/thumb/v7e-m\libgcc.a(_aeabi_uldivmod.o) (__aeabi_ldiv0)
c:/program files (x86)/atmel/studio/7.0/toolchain/arm/arm-gnu-toolchain/bin/../lib/gcc/arm-none-eabi/6.3.1/../../../../arm-none-eabi/lib/thumb/v7e-m\libc.a(lib_a-exit.o)
                              c:/program files (x86)/atmel/studio/7.0/toolchain/arm/arm-gnu-toolchain/bin/../lib/gcc/arm-none-eabi/6.3.1/../../../../arm-none-eabi/lib/thumb/v7e-m/crt0.o (exit)
c:/program files (x86)/atmel/studio/7.0/toolchain/arm/arm-gnu-toolchain/bin/../lib/gcc/arm-none-eabi/6.3.1/../../../../arm-none-eabi/lib/thumb/v7e-m\libc.a(lib_a-impure.o)
                              c:/program files (x86)/atmel/studio/7.0/toolchain/arm/arm-gnu-toolchain/bin/../lib/gcc/arm-none-eabi/6.3.1/../../../../arm-none-eabi/lib/thumb/v7e-m\libc.a(lib_a-exit.o) (_global_impure_ptr)
c:/program files (x86)/atmel/studio/7.0/toolchain/arm/arm-gnu-toolchain/bin/../lib/gcc/arm-none-eabi/6.3.1/../../../../arm-none-eabi/lib/thumb/v7e-m\libc.a(lib_a-init.o)
                              c:/program files (x86)/atmel/studio/7.0/toolchain/arm/arm-gnu-toolchain/bin/../lib/gcc/arm-none-eabi/6.3.1/../../../../arm-none-eabi/lib/thumb/v7e-m/crt0.o (__libc_init_array)
c:/program files (x86)/atmel/studio/7.0/toolchain/arm/arm-gnu-toolchain/bin/../lib/gcc/arm-none-eabi/6.3.1/../../../../arm-none-eabi/lib/thumb/v7e-m\libc.a(lib_a-iprintf.o)
                              src/ASF/sam/utils/syscalls/gcc/syscalls.o (iprintf)
c:/program files (x86)/atmel/studio/7.0/toolchain/arm/arm-gnu-toolchain/bin/../lib/gcc/arm-none-eabi/6.3.1/../../../../arm-none-eabi/lib/thumb/v7e-m\libc.a(lib_a-memset.o)
                              c:/program files (x86)/atmel/studio/7.0/toolchain/arm/arm-gnu-toolchain/bin/../lib/gcc/arm-none-eabi/6.3.1/../../../../arm-none-eabi/lib/thumb/v7e-m/crt0.o (memset)
c:/program files (x86)/atmel/studio/7.0/toolchain/arm/arm-gnu-toolchain/bin/../lib/gcc/arm-none-eabi/6.3.1/../../../../arm-none-eabi/lib/thumb/v7e-m\libc.a(lib_a-vfiprintf.o)
                              c:/program files (x86)/atmel/studio/7.0/toolchain/arm/arm-gnu-toolchain/bin/../lib/gcc/arm-none-eabi/6.3.1/../../../../arm-none-eabi/lib/thumb/v7e-m\libc.a(lib_a-iprintf.o) (_vfiprintf_r)
c:/program files (x86)/atmel/studio/7.0/toolchain/arm/arm-gnu-toolchain/bin/../lib/gcc/arm-none-eabi/6.3.1/../../../../arm-none-eabi/lib/thumb/v7e-m\libc.a(lib_a-wsetup.o)
                              c:/program files (x86)/atmel/studio/7.0/toolchain/arm/arm-gnu-toolchain/bin/../lib/gcc/arm-none-eabi/6.3.1/../../../../arm-none-eabi/lib/thumb/v7e-m\libc.a(lib_a-vfiprintf.o) (__swsetup_r)
c:/program files (x86)/atmel/studio/7.0/toolchain/arm/arm-gnu-toolchain/bin/../lib/gcc/arm-none-eabi/6.3.1/../../../../arm-none-eabi/lib/thumb/v7e-m\libc.a(lib_a-__call_atexit.o)
                              c:/program files (x86)/atmel/studio/7.0/toolchain/arm/arm-gnu-toolchain/bin/../lib/gcc/arm-none-eabi/6.3.1/../../../../arm-none-eabi/lib/thumb/v7e-m\libc.a(lib_a-exit.o) (__call_exitprocs)
c:/program files (x86)/atmel/studio/7.0/toolchain/arm/arm-gnu-toolchain/bin/../lib/gcc/arm-none-eabi/6.3.1/../../../../arm-none-eabi/lib/thumb/v7e-m\libc.a(lib_a-atexit.o)
                              c:/program files (x86)/atmel/studio/7.0/toolchain/arm/arm-gnu-toolchain/bin/../lib/gcc/arm-none-eabi/6.3.1/../../../../arm-none-eabi/lib/thumb/v7e-m\libc.a(lib_a-__call_atexit.o) (atexit)
[...]
Memory Configuration

Name             Origin             Length             Attributes
rom              0x01000000         0x00100000         xr
ram              0x20000000         0x00020000         xrw
*default*        0x00000000         0xffffffff

Linker script and memory map

LOAD c:/program files (x86)/atmel/studio/7.0/toolchain/arm/arm-gnu-toolchain/bin/../lib/gcc/arm-none-eabi/6.3.1/thumb/v7e-m/crti.o
LOAD c:/program files (x86)/atmel/studio/7.0/toolchain/arm/arm-gnu-toolchain/bin/../lib/gcc/arm-none-eabi/6.3.1/thumb/v7e-m/crtbegin.o
LOAD c:/program files (x86)/atmel/studio/7.0/toolchain/arm/arm-gnu-toolchain/bin/../lib/gcc/arm-none-eabi/6.3.1/../../../../arm-none-eabi/lib/thumb/v7e-m/crt0.o
LOAD src/app/at90e_xx/at90e_xx.o
LOAD src/app/basetimer/basetimer.o
LOAD src/app/checkmajorpara/checkmajorpara.o
LOAD src/app/communication/comprocess.o
LOAD src/app/display/display.o
LOAD src/app/eeprom/eeprom.o
LOAD src/app/energy/energy.o
LOAD src/app/kenerl/task.o
LOAD src/app/main/main.o
LOAD src/app/meter_math/meter_math.o
LOAD src/app/presskey/presskey.o
LOAD src/app/rtcproc/rtcproc.o
LOAD src/app/secondproc/secondpro.o
LOAD src/app/sys_init/sys_init.o
LOAD src/app/touproc/touproc.o
LOAD src/ASF/common/services/clock/sam4c/sysclk.o
LOAD src/ASF/common/services/serial/usart_serial.o
LOAD src/ASF/common/utils/interrupt/interrupt_sam_nvic.o
LOAD src/ASF/common/utils/stdio/read.o
LOAD src/ASF/common/utils/stdio/write.o
LOAD src/ASF/sam/boards/sam4c_ek/init.o
LOAD src/ASF/sam/drivers/pio/pio.o
LOAD src/ASF/sam/drivers/pio/pio_handler.o
LOAD src/ASF/sam/drivers/pmc/pmc.o
LOAD src/ASF/sam/drivers/pmc/sleep.o
LOAD src/ASF/sam/drivers/rstc/rstc.o
LOAD src/ASF/sam/drivers/rtc/rtc.o
LOAD src/ASF/sam/drivers/slcdc/slcdc.o
LOAD src/ASF/sam/drivers/supc/supc.o
LOAD src/ASF/sam/drivers/uart/uart.o
LOAD src/ASF/sam/drivers/usart/usart.o
LOAD src/ASF/sam/drivers/wdt/wdt.o
LOAD src/ASF/sam/utils/cmsis/sam4c/source/templates/gcc/startup_sam4c.o
LOAD src/ASF/sam/utils/cmsis/sam4c/source/templates/system_sam4c.o
LOAD src/ASF/sam/utils/syscalls/gcc/syscalls.o
START GROUP
LOAD ../src/ASF/thirdparty/CMSIS/Lib/GCC\libarm_cortexM4l_math.a
LOAD c:/program files (x86)/atmel/studio/7.0/toolchain/arm/arm-gnu-toolchain/bin/../lib/gcc/arm-none-eabi/6.3.1/../../../../arm-none-eabi/lib/thumb/v7e-m\libm.a
END GROUP
START GROUP
LOAD c:/program files (x86)/atmel/studio/7.0/toolchain/arm/arm-gnu-toolchain/bin/../lib/gcc/arm-none-eabi/6.3.1/thumb/v7e-m\libgcc.a
LOAD c:/program files (x86)/atmel/studio/7.0/toolchain/arm/arm-gnu-toolchain/bin/../lib/gcc/arm-none-eabi/6.3.1/../../../../arm-none-eabi/lib/thumb/v7e-m\libc.a
END GROUP
LOAD c:/program files (x86)/atmel/studio/7.0/toolchain/arm/arm-gnu-toolchain/bin/../lib/gcc/arm-none-eabi/6.3.1/thumb/v7e-m/crtend.o
LOAD c:/program files (x86)/atmel/studio/7.0/toolchain/arm/arm-gnu-toolchain/bin/../lib/gcc/arm-none-eabi/6.3.1/thumb/v7e-m/crtn.o
                0x00003000                __stack_size__ = DEFINED (__stack_size__)?__stack_size__:0x3000
                0x2001fffc                __ram_end__ = ((ORIGIN (ram) + LENGTH (ram)) - 0x4)

.text           0x01000000     0x8c48
                0x01000000                . = ALIGN (0x4)
                0x01000000                _sfixed = .
 *(.vectors .vectors.*)
 .vectors       0x01000000       0xe8 src/ASF/sam/utils/cmsis/sam4c/source/templates/gcc/startup_sam4c.o
                0x01000000                exception_table
 *(.text .text.* .gnu.linkonce.t.*)
 .text          0x010000e8       0x6c c:/program files (x86)/atmel/studio/7.0/toolchain/arm/arm-gnu-toolchain/bin/../lib/gcc/arm-none-eabi/6.3.1/thumb/v7e-m/crtbegin.o
 .text.AFE_ZX2_INT_handler
                0x01000154       0x1c src/app/at90e_xx/at90e_xx.o
                0x01000154                AFE_ZX2_INT_handler
 .text.AFE_CF1_INT_handler
                0x01000170       0x1c src/app/at90e_xx/at90e_xx.o
                0x01000170                AFE_CF1_INT_handler
 .text.AFE_CF2_INT_handler
                0x0100018c       0x1c src/app/at90e_xx/at90e_xx.o
                0x0100018c                AFE_CF2_INT_handler
 .text.AFE_CF3_INT_handler
                0x010001a8       0x1c src/app/at90e_xx/at90e_xx.o
                0x010001a8                AFE_CF3_INT_handler
 .text.AFE_DMA_DISABLE
                0x010001c4       0x10 src/app/at90e_xx/at90e_xx.o
                0x010001c4                AFE_DMA_DISABLE
 .text.AFE_Normal_MODE
                0x010001d4       0x18 src/app/at90e_xx/at90e_xx.o
                0x010001d4                AFE_Normal_MODE
 .text.AFE_Patial_MODE
                0x010001ec       0x18 src/app/at90e_xx/at90e_xx.o
                0x010001ec                AFE_Patial_MODE
 .text.AFE_Detect_MODE
                0x01000204       0x18 src/app/at90e_xx/at90e_xx.o
                0x01000204                AFE_Detect_MODE
 .text.AFE_Idle_MODE
                0x0100021c       0x18 src/app/at90e_xx/at90e_xx.o
                0x0100021c                AFE_Idle_MODE
 .text.SET_AFE_MODE
                0x01000234       0x74 src/app/at90e_xx/at90e_xx.o
                0x01000234                SET_AFE_MODE
 .text.AFE_CS_ENABLE
                0x010002a8       0x10 src/app/at90e_xx/at90e_xx.o
                0x010002a8                AFE_CS_ENABLE
 .text.AFE_CS_DISABLE
                0x010002b8       0x10 src/app/at90e_xx/at90e_xx.o
                0x010002b8                AFE_CS_DISABLE
 .text.AFE_Configure_ZX0
                0x010002c8       0x70 src/app/at90e_xx/at90e_xx.o
                0x010002c8                AFE_Configure_ZX0
 .text.AFE_Configure_ZX1
                0x01000338       0x70 src/app/at90e_xx/at90e_xx.o
                0x01000338                AFE_Configure_ZX1
 .text.AFE_Configure_ZX2
                0x010003a8       0x90 src/app/at90e_xx/at90e_xx.o
                0x010003a8                AFE_Configure_ZX2
 .text.AFE_Configure_CF1
                0x01000438       0x90 src/app/at90e_xx/at90e_xx.o
                0x01000438                AFE_Configure_CF1
 .text.AFE_Configure_CF2
                0x010004c8       0x90 src/app/at90e_xx/at90e_xx.o
                0x010004c8                AFE_Configure_CF2
 .text.AFE_Configure_CF3
                0x01000558       0x90 src/app/at90e_xx/at90e_xx.o
                0x01000558                AFE_Configure_CF3
 .text.AFE_Configure_IRQ0
                0x010005e8       0x40 src/app/at90e_xx/at90e_xx.o
                0x010005e8                AFE_Configure_IRQ0
 .text.AFE_Configure_IRQ1
                0x01000628       0x40 src/app/at90e_xx/at90e_xx.o
                0x01000628                AFE_Configure_IRQ1
 .text.AFE_Configure_WarmOut
                0x01000668       0x48 src/app/at90e_xx/at90e_xx.o
                0x01000668                AFE_Configure_WarmOut
 .text.Configure_AFE_Int
                0x010006b0       0x68 src/app/at90e_xx/at90e_xx.o
                0x010006b0                Configure_AFE_Int
 .text.AFE_SPI_Init
                0x01000718       0xd4 src/app/at90e_xx/at90e_xx.o
                0x01000718                AFE_SPI_Init
 .text.Read_AFE_1Reg
                0x010007ec      0x130 src/app/at90e_xx/at90e_xx.o
                0x010007ec                Read_AFE_1Reg
 .text.Identify_AFE_Type
                0x0100091c      0x12c src/app/at90e_xx/at90e_xx.o
                0x0100091c                Identify_AFE_Type
 .text.write_AFE_1Reg
                0x01000a48       0xe0 src/app/at90e_xx/at90e_xx.o
                0x01000a48                write_AFE_1Reg
 .text.CMD_Rd_AFE_Reg
                0x01000b28       0x1c src/app/at90e_xx/at90e_xx.o
                0x01000b28                CMD_Rd_AFE_Reg
 .text.CMD_Wr_AFE_Reg
                0x01000b44       0x20 src/app/at90e_xx/at90e_xx.o
                0x01000b44                CMD_Wr_AFE_Reg
 .text.Sag_check
                0x01000b64       0x80 src/app/at90e_xx/at90e_xx.o
                0x01000b64                Sag_check
 .text.Enable_Harmonic_Calculate
                0x01000be4       0x2c src/app/at90e_xx/at90e_xx.o
                0x01000be4                Enable_Harmonic_Calculate
 .text.Rd_Measure_Parameter
                0x01000c10       0x38 src/app/at90e_xx/at90e_xx.o
                0x01000c10                Rd_Measure_Parameter
 .text.Calculate_V_I_Mul_Scal
                0x01000c48       0x32 src/app/at90e_xx/at90e_xx.o
                0x01000c48                Calculate_V_I_Mul_Scal
 *fill*         0x01000c7a        0x2 
 .text.Calculate_V_I_RMS
                0x01000c7c       0xdc src/app/at90e_xx/at90e_xx.o
                0x01000c7c                Calculate_V_I_RMS
 .text.Calculate_Power
                0x01000d58      0x1f4 src/app/at90e_xx/at90e_xx.o
                0x01000d58                Calculate_Power
 .text.Calculate_PowerFactor
                0x01000f4c       0x78 src/app/at90e_xx/at90e_xx.o
                0x01000f4c                Calculate_PowerFactor
 .text.Calculate_Frequency
                0x01000fc4       0x74 src/app/at90e_xx/at90e_xx.o
                0x01000fc4                Calculate_Frequency
 .text.Calculate_THDNx
                0x01001038      0x104 src/app/at90e_xx/at90e_xx.o
                0x01001038                Calculate_THDNx
 .text.Calculate_angle
                0x0100113c       0x78 src/app/at90e_xx/at90e_xx.o
                0x0100113c                Calculate_angle
 .text.Calculate_V_I_Peak
                0x010011b4       0xcc src/app/at90e_xx/at90e_xx.o
                0x010011b4                Calculate_V_I_Peak
 .text.Calculate_I_V_HarmonicRatio
                0x01001280       0x14 src/app/at90e_xx/at90e_xx.o
                0x01001280                Calculate_I_V_HarmonicRatio
 .text.Calculate_I_V_Fundamental
                0x01001294       0x3c src/app/at90e_xx/at90e_xx.o
                0x01001294                Calculate_I_V_Fundamental
 .text.Measure_RMS
                0x010012d0     0x1030 src/app/at90e_xx/at90e_xx.o
                0x010012d0                Measure_RMS
 .text.Load_AFE_Cal_Para_From_Eprom
                0x01002300      0x164 src/app/at90e_xx/at90e_xx.o
                0x01002300                Load_AFE_Cal_Para_From_Eprom
 .text.SysTick_Handler
                0x01002464       0x10 src/app/basetimer/basetimer.o
                0x01002464                SysTick_Handler
 .text.BaseTimerProcess
                0x01002474      0x1f4 src/app/basetimer/basetimer.o
                0x01002474                BaseTimerProcess
 .text.CheckMajorParaProcess
                0x01002668       0xbc src/app/checkmajorpara/checkmajorpara.o
                0x01002668                CheckMajorParaProcess
 .text.UART_IntProc
                0x01002724      0x17c src/app/communication/comprocess.o
                0x01002724                UART_IntProc
 .text.UART0_Handler
                0x010028a0       0x18 src/app/communication/comprocess.o
                0x010028a0                UART0_Handler
 .text.UART1_Handler
                0x010028b8       0x18 src/app/communication/comprocess.o
                0x010028b8                UART1_Handler
 .text.USART_IntProc
                0x010028d0      0x108 src/app/communication/comprocess.o
                0x010028d0                USART_IntProc
 .text.USART2_Handler
                0x010029d8       0x18 src/app/communication/comprocess.o
                0x010029d8                USART2_Handler
 .text.USART3_Handler
                0x010029f0       0x18 src/app/communication/comprocess.o
                0x010029f0                USART3_Handler
 .text.Init_Usart_App
                0x01002a08      0x170 src/app/communication/comprocess.o
                0x01002a08                Init_Usart_App
 .text.Init_Uart_App
                0x01002b78      0x154 src/app/communication/comprocess.o
                0x01002b78                Init_Uart_App
 .text.ComSendProcess
                0x01002ccc      0x138 src/app/communication/comprocess.o
                0x01002ccc                ComSendProcess
 .text.IEC_Cal_TxBcc
                0x01002e04       0x18 src/app/communication/comprocess.o
                0x01002e04                IEC_Cal_TxBcc
 .text.IEC_Cal_RxBcc
                0x01002e1c       0x20 src/app/communication/comprocess.o
                0x01002e1c                IEC_Cal_RxBcc
 .text.ComProcess
                0x01002e3c     0x1988 src/app/communication/comprocess.o
                0x01002e3c                ComProcess
 .text.DisplayPixel
                0x010047c4      0x108 src/app/display/display.o
                0x010047c4                DisplayPixel
 .text.DisplaySingleDigit
                0x010048cc       0x48 src/app/display/display.o
                0x010048cc                DisplaySingleDigit
 .text.DisplayText
                0x01004914       0x30 src/app/display/display.o
                0x01004914                DisplayText
 .text.LCD_Disp_init
                0x01004944       0xcc src/app/display/display.o
                0x01004944                LCD_Disp_init
 .text.RefreshDisplayNumberProcess
                0x01004a10      0x118 src/app/display/display.o
                0x01004a10                RefreshDisplayNumberProcess
 .text.copybytedatatodispbuff
                0x01004b28       0x2a src/app/display/display.o
                0x01004b28                copybytedatatodispbuff
 *fill*         0x01004b52        0x2 
 .text.display_power
                0x01004b54       0x50 src/app/display/display.o
                0x01004b54                display_power
 .text.display_pf
                0x01004ba4       0x24 src/app/display/display.o
                0x01004ba4                display_pf
 .text.display_n_digits_k_posit
                0x01004bc8       0x38 src/app/display/display.o
                0x01004bc8                display_n_digits_k_posit
 .text.display_units
                0x01004c00      0x1d0 src/app/display/display.o
                0x01004c00                display_units
 .text.display_volt
                0x01004dd0       0x44 src/app/display/display.o
                0x01004dd0                display_volt
 .text.display_current
                0x01004e14       0x44 src/app/display/display.o
                0x01004e14                display_current
 .text.display_p_power
                0x01004e58       0x1c src/app/display/display.o
                0x01004e58                display_p_power
 .text.display_q_power
                0x01004e74       0x1c src/app/display/display.o
                0x01004e74                display_q_power
 .text.display_s_power
                0x01004e90       0x1c src/app/display/display.o
                0x01004e90                display_s_power
 .text.RefreshDisplayProcess
                0x01004eac      0xb4c src/app/display/display.o
                0x01004eac                RefreshDisplayProcess
 .text.WPEE0_ENABLE
                0x010059f8        0x2 src/app/eeprom/eeprom.o
                0x010059f8                WPEE0_ENABLE
 .text.WPEE0_DISABLE
                0x010059fa        0x2 src/app/eeprom/eeprom.o
                0x010059fa                WPEE0_DISABLE
 .text.Delay_N_us
                0x010059fc       0x40 src/app/eeprom/eeprom.o
                0x010059fc                Delay_N_us
 .text.I2C_START
                0x01005a3c       0x4c src/app/eeprom/eeprom.o
                0x01005a3c                I2C_START
 .text.I2C_STOP
                0x01005a88       0x9c src/app/eeprom/eeprom.o
                0x01005a88                I2C_STOP
 .text.BSP_E2promBus_Init
                0x01005b24       0x60 src/app/eeprom/eeprom.o
                0x01005b24                BSP_E2promBus_Init
 .text.Read_I2C_1ByteAck
                0x01005b84       0xa8 src/app/eeprom/eeprom.o
                0x01005b84                Read_I2C_1ByteAck
 .text.Read_I2C_1ByteNoAck
                0x01005c2c       0xa0 src/app/eeprom/eeprom.o
                0x01005c2c                Read_I2C_1ByteNoAck
 .text.Write_I2C_1Byte
                0x01005ccc       0xdc src/app/eeprom/eeprom.o
                0x01005ccc                Write_I2C_1Byte
 .text.EEPROMreader
                0x01005da8      0x154 src/app/eeprom/eeprom.o
                0x01005da8                EEPROMreader
 .text.Delay_N_ms
                0x01005efc       0x24 src/app/eeprom/eeprom.o
                0x01005efc                Delay_N_ms
 .text.EEPROMwriter
                0x01005f20      0x14c src/app/eeprom/eeprom.o
                0x01005f20                EEPROMwriter
 .text.COPYBYTEDATA
                0x0100606c       0x1e src/app/eeprom/eeprom.o
                0x0100606c                COPYBYTEDATA
 .text.CSandXOR_CheckGenerator
                0x0100608a       0x46 src/app/eeprom/eeprom.o
                0x0100608a                CSandXOR_CheckGenerator
 .text.RdE2DataCRC
                0x010060d0       0xa0 src/app/eeprom/eeprom.o
                0x010060d0                RdE2DataCRC
 .text.WrE2DataCRC
                0x01006170      0x150 src/app/eeprom/eeprom.o
                0x01006170                WrE2DataCRC
 .text.ReadEnergyDecimal
                0x010062c0       0xa8 src/app/energy/energy.o
                0x010062c0                ReadEnergyDecimal
 .text.EnergyServe
                0x01006368      0x1e4 src/app/energy/energy.o
                0x01006368                EnergyServe
 .text.RestoreRamEnergyFromEprom
                0x0100654c       0x9c src/app/energy/energy.o
                0x0100654c                RestoreRamEnergyFromEprom
 .text.Clear_Energy
                0x010065e8      0x108 src/app/energy/energy.o
                0x010065e8                Clear_Energy
 .text.PulseProcess
                0x010066f0       0x38 src/app/energy/energy.o
                0x010066f0                PulseProcess
 .text.EnergyProcess
                0x01006728       0x4c src/app/energy/energy.o
                0x01006728                EnergyProcess
 .text.InitTaskQue
                0x01006774       0x24 src/app/kenerl/task.o
                0x01006774                InitTaskQue
 .text.PutTaskIntoQue_INT
                0x01006798       0x24 src/app/kenerl/task.o
                0x01006798                PutTaskIntoQue_INT
 .text.PutTaskIntoQue
                0x010067bc       0x10 src/app/kenerl/task.o
                0x010067bc                PutTaskIntoQue
 .text.GetTaskFromQue
                0x010067cc       0x2c src/app/kenerl/task.o
                0x010067cc                GetTaskFromQue
 .text.main     0x010067f8      0x10c src/app/main/main.o
                0x010067f8                main
 .text.BCD_8BIN
                0x01006904       0x12 src/app/meter_math/meter_math.o
                0x01006904                BCD_8BIN
 *fill*         0x01006916        0x2 
 .text.BIN_TO_BCD
                0x01006918       0x38 src/app/meter_math/meter_math.o
                0x01006918                BIN_TO_BCD
 .text.BCD_2_Add
                0x01006950       0x30 src/app/meter_math/meter_math.o
                0x01006950                BCD_2_Add
 .text.BCD_8_Add
                0x01006980       0x4c src/app/meter_math/meter_math.o
                0x01006980                BCD_8_Add
 .text.BCD_Verify
                0x010069cc       0x1a src/app/meter_math/meter_math.o
                0x010069cc                BCD_Verify
 *fill*         0x010069e6        0x2 
 .text.N_Byte_BCDVerify
                0x010069e8       0x2c src/app/meter_math/meter_math.o
                0x010069e8                N_Byte_BCDVerify
 .text.DispDnkey_INT_handler
                0x01006a14        0xc src/app/presskey/presskey.o
                0x01006a14                DispDnkey_INT_handler
 .text.DispUpkey_INT_handler
                0x01006a20        0xc src/app/presskey/presskey.o
                0x01006a20                DispUpkey_INT_handler
 .text.power_fail_detect
                0x01006a2c       0x68 src/app/presskey/presskey.o
                0x01006a2c                power_fail_detect
 .text.DispDnkey_detect_config
                0x01006a94       0x88 src/app/presskey/presskey.o
                0x01006a94                DispDnkey_detect_config
 .text.DispUpkey_detect_config
                0x01006b1c       0x6c src/app/presskey/presskey.o
                0x01006b1c                DispUpkey_detect_config
 .text.Time_FormatChk
                0x01006b88       0x34 src/app/rtcproc/rtcproc.o
                0x01006b88                Time_FormatChk
 .text.Date_FormatChk
                0x01006bbc       0xec src/app/rtcproc/rtcproc.o
                0x01006bbc                Date_FormatChk
 .text.ReadRTCProcess
                0x01006ca8      0x100 src/app/rtcproc/rtcproc.o
                0x01006ca8                ReadRTCProcess
 .text.SecondProcess
                0x01006da8      0x1c4 src/app/secondproc/secondpro.o
                0x01006da8                SecondProcess
 .text.Initialize_RamVar
                0x01006f6c       0x5c src/app/sys_init/sys_init.o
                0x01006f6c                Initialize_RamVar
 .text.configure_core1_clock
                0x01006fc8       0x54 src/app/sys_init/sys_init.o
                0x01006fc8                configure_core1_clock
 .text.sysclock_init
                0x0100701c       0xe8 src/app/sys_init/sys_init.o
                0x0100701c                sysclock_init
 .text.sys_init
                0x01007104       0xe8 src/app/sys_init/sys_init.o
                0x01007104                sys_init
 .text.pio_set_peripheral
                0x010071ec       0x90 src/ASF/sam/drivers/pio/pio.o
                0x010071ec                pio_set_peripheral
 .text.pio_set_input
                0x0100727c       0x32 src/ASF/sam/drivers/pio/pio.o
                0x0100727c                pio_set_input
 .text.pio_set_output
                0x010072ae       0x26 src/ASF/sam/drivers/pio/pio.o
                0x010072ae                pio_set_output
 .text.pio_configure
                0x010072d4       0x8c src/ASF/sam/drivers/pio/pio.o
                0x010072d4                pio_configure
 .text.pio_configure_interrupt
                0x01007360       0x2e src/ASF/sam/drivers/pio/pio.o
                0x01007360                pio_configure_interrupt
 .text.pio_enable_interrupt
                0x0100738e        0x6 src/ASF/sam/drivers/pio/pio.o
                0x0100738e                pio_enable_interrupt
 .text.pio_get_interrupt_status
                0x01007394        0x4 src/ASF/sam/drivers/pio/pio.o
                0x01007394                pio_get_interrupt_status
 .text.pio_get_interrupt_mask
                0x01007398        0x4 src/ASF/sam/drivers/pio/pio.o
                0x01007398                pio_get_interrupt_mask
 .text.pio_handler_process
                0x0100739c       0x50 src/ASF/sam/drivers/pio/pio_handler.o
                0x0100739c                pio_handler_process
 .text.pio_handler_set
                0x010073ec       0x40 src/ASF/sam/drivers/pio/pio_handler.o
                0x010073ec                pio_handler_set
 .text.PIOA_Handler
                0x0100742c       0x14 src/ASF/sam/drivers/pio/pio_handler.o
                0x0100742c                PIOA_Handler
 .text.PIOB_Handler
                0x01007440       0x14 src/ASF/sam/drivers/pio/pio_handler.o
                0x01007440                PIOB_Handler
 .text.PIOC_Handler
                0x01007454       0x14 src/ASF/sam/drivers/pio/pio_handler.o
                0x01007454                PIOC_Handler
 .text.pmc_enable_periph_clk
                0x01007468       0x54 src/ASF/sam/drivers/pmc/pmc.o
                0x01007468                pmc_enable_periph_clk
 .text.rtc_set_hour_mode
                0x010074bc       0x16 src/ASF/sam/drivers/rtc/rtc.o
                0x010074bc                rtc_set_hour_mode
 .text.rtc_get_time
                0x010074d2       0x5a src/ASF/sam/drivers/rtc/rtc.o
                0x010074d2                rtc_get_time
 .text.rtc_set_time
                0x0100752c       0x94 src/ASF/sam/drivers/rtc/rtc.o
                0x0100752c                rtc_set_time
 .text.rtc_get_date
                0x010075c0       0x72 src/ASF/sam/drivers/rtc/rtc.o
                0x010075c0                rtc_get_date
 *fill*         0x01007632        0x2 
 .text.rtc_set_date
                0x01007634       0xb8 src/ASF/sam/drivers/rtc/rtc.o
                0x01007634                rtc_set_date
 .text.slcdc_set_frame_rate
                0x010076ec       0x9c src/ASF/sam/drivers/slcdc/slcdc.o
                0x010076ec                slcdc_set_frame_rate
 .text.slcdc_set_blink_freq
                0x01007788       0x3c src/ASF/sam/drivers/slcdc/slcdc.o
                0x01007788                slcdc_set_blink_freq
 .text.slcdc_enable
                0x010077c4        0x6 src/ASF/sam/drivers/slcdc/slcdc.o
                0x010077c4                slcdc_enable
 .text.slcdc_set_display_memory
                0x010077ca       0x28 src/ASF/sam/drivers/slcdc/slcdc.o
                0x010077ca                slcdc_set_display_memory
 .text.slcdc_clear_display_memory
                0x010077f2       0x26 src/ASF/sam/drivers/slcdc/slcdc.o
                0x010077f2                slcdc_clear_display_memory
 .text.SLCDC_Handler
                0x01007818       0x10 src/ASF/sam/drivers/slcdc/slcdc.o
                0x01007818                SLCDC_Handler
 .text.supc_set_slcd_power_mode
                0x01007828       0x3e src/ASF/sam/drivers/supc/supc.o
                0x01007828                supc_set_slcd_power_mode
 .text.supc_set_slcd_vol
                0x01007866       0x14 src/ASF/sam/drivers/supc/supc.o
                0x01007866                supc_set_slcd_vol
 .text.uart_init
                0x0100787a       0x36 src/ASF/sam/drivers/uart/uart.o
                0x0100787a                uart_init
 .text.uart_enable_interrupt
                0x010078b0        0x4 src/ASF/sam/drivers/uart/uart.o
                0x010078b0                uart_enable_interrupt
 .text.uart_get_status
                0x010078b4        0x4 src/ASF/sam/drivers/uart/uart.o
                0x010078b4                uart_get_status
 .text.uart_write
                0x010078b8       0x10 src/ASF/sam/drivers/uart/uart.o
                0x010078b8                uart_write
 .text.uart_read
                0x010078c8       0x12 src/ASF/sam/drivers/uart/uart.o
                0x010078c8                uart_read
 .text.usart_reset
                0x010078da       0x1e src/ASF/sam/drivers/usart/usart.o
                0x010078da                usart_reset
 .text.usart_init_rs232
                0x010078f8       0x90 src/ASF/sam/drivers/usart/usart.o
                0x010078f8                usart_init_rs232
 .text.usart_init_rs485
                0x01007988       0x24 src/ASF/sam/drivers/usart/usart.o
                0x01007988                usart_init_rs485
 .text.usart_enable_tx
                0x010079ac        0x6 src/ASF/sam/drivers/usart/usart.o
                0x010079ac                usart_enable_tx
 .text.usart_enable_rx
                0x010079b2        0x6 src/ASF/sam/drivers/usart/usart.o
                0x010079b2                usart_enable_rx
 .text.usart_enable_interrupt
                0x010079b8        0x4 src/ASF/sam/drivers/usart/usart.o
                0x010079b8                usart_enable_interrupt
 .text.usart_get_status
                0x010079bc        0x4 src/ASF/sam/drivers/usart/usart.o
                0x010079bc                usart_get_status
 .text.usart_write
                0x010079c0       0x14 src/ASF/sam/drivers/usart/usart.o
                0x010079c0                usart_write
 .text.wdt_restart
                0x010079d4       0x1c src/ASF/sam/drivers/wdt/wdt.o
                0x010079d4                wdt_restart
 .text.Dummy_Handler
                0x010079f0        0x2 src/ASF/sam/utils/cmsis/sam4c/source/templates/gcc/startup_sam4c.o
                0x010079f0                DebugMon_Handler
                0x010079f0                USART4_Handler
                0x010079f0                TRNG_Handler
                0x010079f0                HardFault_Handler
                0x010079f0                TC2_Handler
                0x010079f0                TWI1_Handler
                0x010079f0                PendSV_Handler
                0x010079f0                NMI_Handler
                0x010079f0                ADC_Handler
                0x010079f0                IPC1_Handler
                0x010079f0                USART0_Handler
                0x010079f0                RTT_Handler
                0x010079f0                RTC_Handler
                0x010079f0                UsageFault_Handler
                0x010079f0                WDT_Handler
                0x010079f0                TC4_Handler
                0x010079f0                TC1_Handler
                0x010079f0                IPC0_Handler
                0x010079f0                TC3_Handler
                0x010079f0                Dummy_Handler
                0x010079f0                TWI0_Handler
                0x010079f0                ARM1_Handler
                0x010079f0                USART1_Handler
                0x010079f0                PMC_Handler
                0x010079f0                PWM_Handler
                0x010079f0                CPKCC_Handler
                0x010079f0                MemManage_Handler
                0x010079f0                SUPC_Handler
                0x010079f0                SVC_Handler
                0x010079f0                EFC_Handler
                0x010079f0                SPI1_Handler
                0x010079f0                BusFault_Handler
                0x010079f0                RSTC_Handler
                0x010079f0                TC0_Handler
                0x010079f0                TC5_Handler
                0x010079f0                ICM_Handler
                0x010079f0                AES_Handler
                0x010079f0                SPI0_Handler
 *fill*         0x010079f2        0x2 
 .text.Reset_Handler
                0x010079f4       0xb0 src/ASF/sam/utils/cmsis/sam4c/source/templates/gcc/startup_sam4c.o
                0x010079f4                Reset_Handler
 .text.system_init_flash
                0x01007aa4       0x74 src/ASF/sam/utils/cmsis/sam4c/source/templates/system_sam4c.o
                0x01007aa4                system_init_flash
 .text          0x01007b18      0x21c c:/program files (x86)/atmel/studio/7.0/toolchain/arm/arm-gnu-toolchain/bin/../lib/gcc/arm-none-eabi/6.3.1/thumb/v7e-m\libgcc.a(_arm_addsubsf3.o)
                0x01007b18                __aeabi_frsub
                0x01007b20                __subsf3
                0x01007b20                __aeabi_fsub
                0x01007b24                __aeabi_fadd
                0x01007b24                __addsf3
                0x01007c84                __aeabi_ui2f
                0x01007c84                __floatunsisf
                0x01007c8c                __aeabi_i2f
                0x01007c8c                __floatsisf
                0x01007ca8                __aeabi_ul2f
                0x01007ca8                __floatundisf
                0x01007cb8                __aeabi_l2f
                0x01007cb8                __floatdisf
 .text          0x01007d34      0x2a0 c:/program files (x86)/atmel/studio/7.0/toolchain/arm/arm-gnu-toolchain/bin/../lib/gcc/arm-none-eabi/6.3.1/thumb/v7e-m\libgcc.a(_arm_muldivsf3.o)
                0x01007d34                __mulsf3
                0x01007d34                __aeabi_fmul
                0x01007e9c                __aeabi_fdiv
                0x01007e9c                __divsf3
 .text          0x01007fd4       0x40 c:/program files (x86)/atmel/studio/7.0/toolchain/arm/arm-gnu-toolchain/bin/../lib/gcc/arm-none-eabi/6.3.1/thumb/v7e-m\libgcc.a(_arm_fixunssfsi.o)
                0x01007fd4                __fixunssfsi
                0x01007fd4                __aeabi_f2uiz
 .text          0x01008014       0x30 c:/program files (x86)/atmel/studio/7.0/toolchain/arm/arm-gnu-toolchain/bin/../lib/gcc/arm-none-eabi/6.3.1/thumb/v7e-m\libgcc.a(_aeabi_uldivmod.o)
                0x01008014                __aeabi_uldivmod
 .text          0x01008044      0x2dc c:/program files (x86)/atmel/studio/7.0/toolchain/arm/arm-gnu-toolchain/bin/../lib/gcc/arm-none-eabi/6.3.1/thumb/v7e-m\libgcc.a(_udivmoddi4.o)
                0x01008044                __udivmoddi4
 .text          0x01008320        0x4 c:/program files (x86)/atmel/studio/7.0/toolchain/arm/arm-gnu-toolchain/bin/../lib/gcc/arm-none-eabi/6.3.1/thumb/v7e-m\libgcc.a(_dvmd_tls.o)
                0x01008320                __aeabi_idiv0
                0x01008320                __aeabi_ldiv0
 .text.__libc_init_array
                0x01008324       0x50 c:/program files (x86)/atmel/studio/7.0/toolchain/arm/arm-gnu-toolchain/bin/../lib/gcc/arm-none-eabi/6.3.1/../../../../arm-none-eabi/lib/thumb/v7e-m\libc.a(lib_a-init.o)
                0x01008324                __libc_init_array
 .text.startup.register_fini
                0x01008374       0x14 c:/program files (x86)/atmel/studio/7.0/toolchain/arm/arm-gnu-toolchain/bin/../lib/gcc/arm-none-eabi/6.3.1/../../../../arm-none-eabi/lib/thumb/v7e-m\libc.a(lib_a-__call_atexit.o)
 .text.atexit   0x01008388        0xc c:/program files (x86)/atmel/studio/7.0/toolchain/arm/arm-gnu-toolchain/bin/../lib/gcc/arm-none-eabi/6.3.1/../../../../arm-none-eabi/lib/thumb/v7e-m\libc.a(lib_a-atexit.o)
                0x01008388                atexit
 .text.__libc_fini_array
                0x01008394       0x34 c:/program files (x86)/atmel/studio/7.0/toolchain/arm/arm-gnu-toolchain/bin/../lib/gcc/arm-none-eabi/6.3.1/../../../../arm-none-eabi/lib/thumb/v7e-m\libc.a(lib_a-fini.o)
                0x01008394                __libc_fini_array
 .text.__retarget_lock_acquire_recursive
                0x010083c8        0x4 c:/program files (x86)/atmel/studio/7.0/toolchain/arm/arm-gnu-toolchain/bin/../lib/gcc/arm-none-eabi/6.3.1/../../../../arm-none-eabi/lib/thumb/v7e-m\libc.a(lib_a-lock.o)
                0x010083c8                __retarget_lock_acquire_recursive
 .text.__retarget_lock_release_recursive
                0x010083cc        0x4 c:/program files (x86)/atmel/studio/7.0/toolchain/arm/arm-gnu-toolchain/bin/../lib/gcc/arm-none-eabi/6.3.1/../../../../arm-none-eabi/lib/thumb/v7e-m\libc.a(lib_a-lock.o)
                0x010083cc                __retarget_lock_release_recursive
 .text.__register_exitproc
                0x010083d0       0xc4 c:/program files (x86)/atmel/studio/7.0/toolchain/arm/arm-gnu-toolchain/bin/../lib/gcc/arm-none-eabi/6.3.1/../../../../arm-none-eabi/lib/thumb/v7e-m\libc.a(lib_a-__atexit.o)
                0x010083d0                __register_exitproc
 *(.glue_7t)
 .glue_7t       0x01008494        0x0 linker stubs
 *(.glue_7)
 .glue_7        0x01008494        0x0 linker stubs
 *(.rodata .rodata* .gnu.linkonce.r.*)
 .rodata.afe90e2x_cmd_reg_e2adr_tbl
                0x01008494       0xa8 src/app/at90e_xx/at90e_xx.o
                0x01008494                afe90e2x_cmd_reg_e2adr_tbl
 .rodata.afe90e3x_cmd_reg_e2adr_tbl
                0x0100853c      0x354 src/app/at90e_xx/at90e_xx.o
                0x0100853c                afe90e3x_cmd_reg_e2adr_tbl
 .rodata.DecodeDspTable
                0x01008890       0x16 src/app/display/display.o
                0x01008890                DecodeDspTable
 *fill*         0x010088a6        0x2 
 .rodata.LCDPane_Digit_Table
                0x010088a8       0x7e src/app/display/display.o
                0x010088a8                LCDPane_Digit_Table
 *fill*         0x01008926        0x2 
 .rodata.LCDPane_To_LCDDrive_Com_Table
                0x01008928        0x6 src/app/display/display.o
                0x01008928                LCDPane_To_LCDDrive_Com_Table
 *fill*         0x0100892e        0x2 
 .rodata.LCDPane_To_LCDDrive_Seg_Table
                0x01008930       0x11 src/app/display/display.o
                0x01008930                LCDPane_To_LCDDrive_Seg_Table
 *fill*         0x01008941        0x3 
 .rodata.LCD_True_Table
                0x01008944      0x226 src/app/display/display.o
                0x01008944                LCD_True_Table
 *fill*         0x01008b6a        0x2 
 .rodata.RefreshDisplayProcess.str1.4
                0x01008b6c       0x52 src/app/display/display.o
 *fill*         0x01008bbe        0x2 
 .rodata.display_pf.str1.4
                0x01008bc0        0x3 src/app/display/display.o
 *fill*         0x01008bc3        0x1 
 .rodata.display_power.str1.4
                0x01008bc4        0x3 src/app/display/display.o
 *fill*         0x01008bc7        0x1 
 .rodata.display_units.str1.4
                0x01008bc8       0x1a src/app/display/display.o
 *fill*         0x01008be2        0x2 
 .rodata.display_volt.str1.4
                0x01008be4        0x4 src/app/display/display.o
                                  0x3 (size before relaxing)
 .rodata.Month_WeekTable
                0x01008be8        0xc src/app/rtcproc/rtcproc.o
                0x01008be8                Month_WeekTable
 .rodata.TB_MonthDayTable
                0x01008bf4        0xc src/app/rtcproc/rtcproc.o
                0x01008bf4                TB_MonthDayTable
 .rodata        0x01008c00       0x20 src/ASF/sam/drivers/slcdc/slcdc.o
 .rodata._global_impure_ptr
                0x01008c20        0x4 c:/program files (x86)/atmel/studio/7.0/toolchain/arm/arm-gnu-toolchain/bin/../lib/gcc/arm-none-eabi/6.3.1/../../../../arm-none-eabi/lib/thumb/v7e-m\libc.a(lib_a-impure.o)
                0x01008c20                _global_impure_ptr
 *(.ARM.extab* .gnu.linkonce.armextab.*)
                0x01008c24                . = ALIGN (0x4)
 *(.init)
 .init          0x01008c24        0x4 c:/program files (x86)/atmel/studio/7.0/toolchain/arm/arm-gnu-toolchain/bin/../lib/gcc/arm-none-eabi/6.3.1/thumb/v7e-m/crti.o
                0x01008c24                _init
 .init          0x01008c28        0x8 c:/program files (x86)/atmel/studio/7.0/toolchain/arm/arm-gnu-toolchain/bin/../lib/gcc/arm-none-eabi/6.3.1/thumb/v7e-m/crtn.o
                0x01008c30                . = ALIGN (0x4)
                0x01008c30                __preinit_array_start = .
 *(.preinit_array)
                0x01008c30                __preinit_array_end = .
                0x01008c30                . = ALIGN (0x4)
                0x01008c30                __init_array_start = .
 *(SORT(.init_array.*))
 .init_array.00000
                0x01008c30        0x4 c:/program files (x86)/atmel/studio/7.0/toolchain/arm/arm-gnu-toolchain/bin/../lib/gcc/arm-none-eabi/6.3.1/../../../../arm-none-eabi/lib/thumb/v7e-m\libc.a(lib_a-__call_atexit.o)
 *(.init_array)
 .init_array    0x01008c34        0x4 c:/program files (x86)/atmel/studio/7.0/toolchain/arm/arm-gnu-toolchain/bin/../lib/gcc/arm-none-eabi/6.3.1/thumb/v7e-m/crtbegin.o
                0x01008c38                __init_array_end = .
                0x01008c38                . = ALIGN (0x4)
 *crtbegin.o(.ctors)
 *(EXCLUDE_FILE(*crtend.o) .ctors)
 *(SORT(.ctors.*))
 *crtend.o(.ctors)
                0x01008c38                . = ALIGN (0x4)
 *(.fini)
 .fini          0x01008c38        0x4 c:/program files (x86)/atmel/studio/7.0/toolchain/arm/arm-gnu-toolchain/bin/../lib/gcc/arm-none-eabi/6.3.1/thumb/v7e-m/crti.o
                0x01008c38                _fini
 .fini          0x01008c3c        0x8 c:/program files (x86)/atmel/studio/7.0/toolchain/arm/arm-gnu-toolchain/bin/../lib/gcc/arm-none-eabi/6.3.1/thumb/v7e-m/crtn.o
                0x01008c44                . = ALIGN (0x4)
                0x01008c44                __fini_array_start = .
 *(.fini_array)
 .fini_array    0x01008c44        0x4 c:/program files (x86)/atmel/studio/7.0/toolchain/arm/arm-gnu-toolchain/bin/../lib/gcc/arm-none-eabi/6.3.1/thumb/v7e-m/crtbegin.o
 *(SORT(.fini_array.*))
                0x01008c48                __fini_array_end = .
 *crtbegin.o(.dtors)
 *(EXCLUDE_FILE(*crtend.o) .dtors)
 *(SORT(.dtors.*))
 *crtend.o(.dtors)
                0x01008c48                . = ALIGN (0x4)
                0x01008c48                _efixed = .
                [!provide]                PROVIDE (__exidx_start, .)

.vfp11_veneer   0x01008c48        0x0
 .vfp11_veneer  0x01008c48        0x0 linker stubs

.v4_bx          0x01008c48        0x0
 .v4_bx         0x01008c48        0x0 linker stubs

.iplt           0x01008c48        0x0
 .iplt          0x01008c48        0x0 c:/program files (x86)/atmel/studio/7.0/toolchain/arm/arm-gnu-toolchain/bin/../lib/gcc/arm-none-eabi/6.3.1/thumb/v7e-m/crtbegin.o

.ARM.exidx      0x01008c48        0x8
 *(.ARM.exidx* .gnu.linkonce.armexidx.*)
 .ARM.exidx     0x01008c48        0x8 c:/program files (x86)/atmel/studio/7.0/toolchain/arm/arm-gnu-toolchain/bin/../lib/gcc/arm-none-eabi/6.3.1/thumb/v7e-m\libgcc.a(_udivmoddi4.o)
                [!provide]                PROVIDE (__exidx_end, .)

.eh_frame       0x01008c50        0x0
 .eh_frame      0x01008c50        0x0 c:/program files (x86)/atmel/studio/7.0/toolchain/arm/arm-gnu-toolchain/bin/../lib/gcc/arm-none-eabi/6.3.1/thumb/v7e-m/crtbegin.o

.rel.dyn        0x01008c50        0x0
 .rel.iplt      0x01008c50        0x0 c:/program files (x86)/atmel/studio/7.0/toolchain/arm/arm-gnu-toolchain/bin/../lib/gcc/arm-none-eabi/6.3.1/thumb/v7e-m/crtbegin.o

.jcr            0x01008c50        0x0
 .jcr           0x01008c50        0x0 c:/program files (x86)/atmel/studio/7.0/toolchain/arm/arm-gnu-toolchain/bin/../lib/gcc/arm-none-eabi/6.3.1/thumb/v7e-m/crtbegin.o

.igot.plt       0x01008c50        0x0
 .igot.plt      0x01008c50        0x0 c:/program files (x86)/atmel/studio/7.0/toolchain/arm/arm-gnu-toolchain/bin/../lib/gcc/arm-none-eabi/6.3.1/thumb/v7e-m/crtbegin.o
                0x01008c50                . = ALIGN (0x4)
                0x01008c50                _etext = .

.relocate       0x20000000      0x434 load address 0x01008c50
                0x20000000                . = ALIGN (0x4)
                0x20000000                _srelocate = .
 *(.ramfunc .ramfunc.*)
 *(.data .data.*)
 .data.SystemCoreClock
                0x20000000        0x4 src/ASF/sam/utils/cmsis/sam4c/source/templates/system_sam4c.o
                0x20000000                SystemCoreClock
 *fill*         0x20000004        0x4 
 .data.impure_data
                0x20000008      0x428 c:/program files (x86)/atmel/studio/7.0/toolchain/arm/arm-gnu-toolchain/bin/../lib/gcc/arm-none-eabi/6.3.1/../../../../arm-none-eabi/lib/thumb/v7e-m\libc.a(lib_a-impure.o)
 .data.__atexit_recursive_mutex
                0x20000430        0x4 c:/program files (x86)/atmel/studio/7.0/toolchain/arm/arm-gnu-toolchain/bin/../lib/gcc/arm-none-eabi/6.3.1/../../../../arm-none-eabi/lib/thumb/v7e-m\libc.a(lib_a-__call_atexit.o)
                0x20000430                __atexit_recursive_mutex
                0x20000434                . = ALIGN (0x4)
                0x20000434                _erelocate = .

.bss            0x20000434      0x604 load address 0x01009084
                0x20000434                . = ALIGN (0x4)
                0x20000434                _sbss = .
                0x20000434                _szero = .
 *(.bss .bss.*)
 .bss           0x20000434       0x1c c:/program files (x86)/atmel/studio/7.0/toolchain/arm/arm-gnu-toolchain/bin/../lib/gcc/arm-none-eabi/6.3.1/thumb/v7e-m/crtbegin.o
 .bss.gs_interrupt_sources
                0x20000450       0x70 src/ASF/sam/drivers/pio/pio_handler.o
 .bss.gs_ul_nb_sources
                0x200004c0        0x4 src/ASF/sam/drivers/pio/pio_handler.o
 .bss.g_frame_rate
                0x200004c4        0x4 src/ASF/sam/drivers/slcdc/slcdc.o
 .bss.slcdc_callback_pointer
                0x200004c8        0x4 src/ASF/sam/drivers/slcdc/slcdc.o
                0x200004c8                slcdc_callback_pointer
 .bss.ul_reg_val.7429
                0x200004cc        0x4 src/ASF/sam/drivers/usart/usart.o
 *(COMMON)
 COMMON         0x200004d0      0x150 src/app/at90e_xx/at90e_xx.o
                0x200004d0                VAFE
 COMMON         0x20000620        0x4 src/app/basetimer/basetimer.o
                0x20000620                VBaseTimer
 COMMON         0x20000624      0x384 src/app/communication/comprocess.o
                0x20000624                VCom
 COMMON         0x200009a8        0xc src/app/display/display.o
                0x200009a8                VDisplay
 COMMON         0x200009b4        0x8 src/app/eeprom/eeprom.o
                0x200009b4                VWrE2SafeByte
                0x200009b8                VErrFlag
 COMMON         0x200009bc       0x2c src/app/energy/energy.o
                0x200009bc                VEnergy
 COMMON         0x200009e8       0x20 src/app/kenerl/task.o
                0x200009e8                VTask
 COMMON         0x20000a08        0x3 src/app/presskey/presskey.o
                0x20000a08                VPressKey
 *fill*         0x20000a0b        0x1 
 COMMON         0x20000a0c        0x7 src/app/rtcproc/rtcproc.o
                0x20000a0c                VRTC
 *fill*         0x20000a13        0x1 
 COMMON         0x20000a14       0x21 c:/program files (x86)/atmel/studio/7.0/toolchain/arm/arm-gnu-toolchain/bin/../lib/gcc/arm-none-eabi/6.3.1/../../../../arm-none-eabi/lib/thumb/v7e-m\libc.a(lib_a-lock.o)
                0x20000a14                __lock___atexit_recursive_mutex
                0x20000a18                __lock___arc4random_mutex
                0x20000a1c                __lock___env_recursive_mutex
                0x20000a20                __lock___sinit_recursive_mutex
                0x20000a24                __lock___malloc_recursive_mutex
                0x20000a28                __lock___at_quick_exit_mutex
                0x20000a2c                __lock___dd_hash_mutex
                0x20000a30                __lock___tz_mutex
                0x20000a34                __lock___sfp_recursive_mutex
                0x20000a38                . = ALIGN (0x4)
 *fill*         0x20000a35        0x3 
                0x20000a38                _ebss = .
                0x20000a38                _ezero = .

.stack          0x20000a38     0x3000 load address 0x01009688
                0x20000a38                . = ALIGN (0x8)
                0x20000a38                _sstack = .
                0x20003a38                . = (. + __stack_size__)
 *fill*         0x20000a38     0x3000 
                0x20003a38                . = ALIGN (0x8)
                0x20003a38                _estack = .
                0x20003a38                . = ALIGN (0x4)
                0x20003a38                _end = .
OUTPUT(SAM4C_90e_xx_std.elf elf32-littlearm)

.ARM.attributes
                0x00000000       0x2a
 .ARM.attributes
                0x00000000       0x1e c:/program files (x86)/atmel/studio/7.0/toolchain/arm/arm-gnu-toolchain/bin/../lib/gcc/arm-none-eabi/6.3.1/thumb/v7e-m/crti.o
 .ARM.attributes
                0x0000001e       0x2e c:/program files (x86)/atmel/studio/7.0/toolchain/arm/arm-gnu-toolchain/bin/../lib/gcc/arm-none-eabi/6.3.1/thumb/v7e-m/crtbegin.o
 .ARM.attributes
                0x0000004c       0x33 src/app/at90e_xx/at90e_xx.o
 .ARM.attributes
                0x0000007f       0x33 src/app/basetimer/basetimer.o
 .ARM.attributes
                0x000000b2       0x33 src/app/checkmajorpara/checkmajorpara.o
 .ARM.attributes
                0x000000e5       0x33 src/app/communication/comprocess.o
 .ARM.attributes
                0x00000118       0x33 src/app/display/display.o
 .ARM.attributes
                0x0000014b       0x33 src/app/eeprom/eeprom.o
 .ARM.attributes
                0x0000017e       0x33 src/app/energy/energy.o
 .ARM.attributes
                0x000001b1       0x33 src/app/kenerl/task.o
 .ARM.attributes
                0x000001e4       0x33 src/app/main/main.o
 .ARM.attributes
                0x00000217       0x33 src/app/meter_math/meter_math.o
 .ARM.attributes
                0x0000024a       0x33 src/app/presskey/presskey.o
 .ARM.attributes
                0x0000027d       0x33 src/app/rtcproc/rtcproc.o
 .ARM.attributes
                0x000002b0       0x33 src/app/secondproc/secondpro.o
 .ARM.attributes
                0x000002e3       0x33 src/app/sys_init/sys_init.o
 .ARM.attributes
                0x00000316       0x33 src/ASF/sam/drivers/pio/pio.o
 .ARM.attributes
                0x00000349       0x33 src/ASF/sam/drivers/pio/pio_handler.o
 .ARM.attributes
                0x0000037c       0x33 src/ASF/sam/drivers/pmc/pmc.o
 .ARM.attributes
                0x000003af       0x33 src/ASF/sam/drivers/rtc/rtc.o
 .ARM.attributes
                0x000003e2       0x33 src/ASF/sam/drivers/slcdc/slcdc.o
 .ARM.attributes
                0x00000415       0x33 src/ASF/sam/drivers/supc/supc.o
 .ARM.attributes
                0x00000448       0x33 src/ASF/sam/drivers/uart/uart.o
 .ARM.attributes
                0x0000047b       0x33 src/ASF/sam/drivers/usart/usart.o
 .ARM.attributes
                0x000004ae       0x33 src/ASF/sam/drivers/wdt/wdt.o
 .ARM.attributes
                0x000004e1       0x33 src/ASF/sam/utils/cmsis/sam4c/source/templates/gcc/startup_sam4c.o
 .ARM.attributes
                0x00000514       0x33 src/ASF/sam/utils/cmsis/sam4c/source/templates/system_sam4c.o
 .ARM.attributes
                0x00000547       0x1e c:/program files (x86)/atmel/studio/7.0/toolchain/arm/arm-gnu-toolchain/bin/../lib/gcc/arm-none-eabi/6.3.1/thumb/v7e-m\libgcc.a(_arm_addsubsf3.o)
 .ARM.attributes
                0x00000565       0x1e c:/program files (x86)/atmel/studio/7.0/toolchain/arm/arm-gnu-toolchain/bin/../lib/gcc/arm-none-eabi/6.3.1/thumb/v7e-m\libgcc.a(_arm_muldivsf3.o)
 .ARM.attributes
                0x00000583       0x1e c:/program files (x86)/atmel/studio/7.0/toolchain/arm/arm-gnu-toolchain/bin/../lib/gcc/arm-none-eabi/6.3.1/thumb/v7e-m\libgcc.a(_arm_fixunssfsi.o)
 .ARM.attributes
                0x000005a1       0x1e c:/program files (x86)/atmel/studio/7.0/toolchain/arm/arm-gnu-toolchain/bin/../lib/gcc/arm-none-eabi/6.3.1/thumb/v7e-m\libgcc.a(_aeabi_uldivmod.o)
 .ARM.attributes
                0x000005bf       0x2e c:/program files (x86)/atmel/studio/7.0/toolchain/arm/arm-gnu-toolchain/bin/../lib/gcc/arm-none-eabi/6.3.1/thumb/v7e-m\libgcc.a(_udivmoddi4.o)
 .ARM.attributes
                0x000005ed       0x1e c:/program files (x86)/atmel/studio/7.0/toolchain/arm/arm-gnu-toolchain/bin/../lib/gcc/arm-none-eabi/6.3.1/thumb/v7e-m\libgcc.a(_dvmd_tls.o)
 .ARM.attributes
                0x0000060b       0x2e c:/program files (x86)/atmel/studio/7.0/toolchain/arm/arm-gnu-toolchain/bin/../lib/gcc/arm-none-eabi/6.3.1/../../../../arm-none-eabi/lib/thumb/v7e-m\libc.a(lib_a-impure.o)
 .ARM.attributes
                0x00000639       0x2e c:/program files (x86)/atmel/studio/7.0/toolchain/arm/arm-gnu-toolchain/bin/../lib/gcc/arm-none-eabi/6.3.1/../../../../arm-none-eabi/lib/thumb/v7e-m\libc.a(lib_a-init.o)
 .ARM.attributes
                0x00000667       0x2e c:/program files (x86)/atmel/studio/7.0/toolchain/arm/arm-gnu-toolchain/bin/../lib/gcc/arm-none-eabi/6.3.1/../../../../arm-none-eabi/lib/thumb/v7e-m\libc.a(lib_a-__call_atexit.o)
 .ARM.attributes
                0x00000695       0x2e c:/program files (x86)/atmel/studio/7.0/toolchain/arm/arm-gnu-toolchain/bin/../lib/gcc/arm-none-eabi/6.3.1/../../../../arm-none-eabi/lib/thumb/v7e-m\libc.a(lib_a-atexit.o)
 .ARM.attributes
                0x000006c3       0x2e c:/program files (x86)/atmel/studio/7.0/toolchain/arm/arm-gnu-toolchain/bin/../lib/gcc/arm-none-eabi/6.3.1/../../../../arm-none-eabi/lib/thumb/v7e-m\libc.a(lib_a-fini.o)
 .ARM.attributes
                0x000006f1       0x2e c:/program files (x86)/atmel/studio/7.0/toolchain/arm/arm-gnu-toolchain/bin/../lib/gcc/arm-none-eabi/6.3.1/../../../../arm-none-eabi/lib/thumb/v7e-m\libc.a(lib_a-lock.o)
 .ARM.attributes
                0x0000071f       0x2e c:/program files (x86)/atmel/studio/7.0/toolchain/arm/arm-gnu-toolchain/bin/../lib/gcc/arm-none-eabi/6.3.1/../../../../arm-none-eabi/lib/thumb/v7e-m\libc.a(lib_a-__atexit.o)
 .ARM.attributes
                0x0000074d       0x1e c:/program files (x86)/atmel/studio/7.0/toolchain/arm/arm-gnu-toolchain/bin/../lib/gcc/arm-none-eabi/6.3.1/thumb/v7e-m/crtn.o

.comment        0x00000000       0x59
 .comment       0x00000000       0x59 src/app/at90e_xx/at90e_xx.o
                                 0x5a (size before relaxing)
 .comment       0x00000059       0x5a src/app/basetimer/basetimer.o
 .comment       0x00000059       0x5a src/app/checkmajorpara/checkmajorpara.o
 .comment       0x00000059       0x5a src/app/communication/comprocess.o
 .comment       0x00000059       0x5a src/app/display/display.o
 .comment       0x00000059       0x5a src/app/eeprom/eeprom.o
 .comment       0x00000059       0x5a src/app/energy/energy.o
 .comment       0x00000059       0x5a src/app/kenerl/task.o
 .comment       0x00000059       0x5a src/app/main/main.o
 .comment       0x00000059       0x5a src/app/meter_math/meter_math.o
 .comment       0x00000059       0x5a src/app/presskey/presskey.o
 .comment       0x00000059       0x5a src/app/rtcproc/rtcproc.o
 .comment       0x00000059       0x5a src/app/secondproc/secondpro.o
 .comment       0x00000059       0x5a src/app/sys_init/sys_init.o
 .comment       0x00000059       0x5a src/ASF/sam/drivers/pio/pio.o
 .comment       0x00000059       0x5a src/ASF/sam/drivers/pio/pio_handler.o
 .comment       0x00000059       0x5a src/ASF/sam/drivers/pmc/pmc.o
 .comment       0x00000059       0x5a src/ASF/sam/drivers/rtc/rtc.o
 .comment       0x00000059       0x5a src/ASF/sam/drivers/slcdc/slcdc.o
 .comment       0x00000059       0x5a src/ASF/sam/drivers/supc/supc.o
 .comment       0x00000059       0x5a src/ASF/sam/drivers/uart/uart.o
 .comment       0x00000059       0x5a src/ASF/sam/drivers/usart/usart.o
 .comment       0x00000059       0x5a src/ASF/sam/drivers/wdt/wdt.o
 .comment       0x00000059       0x5a src/ASF/sam/utils/cmsis/sam4c/source/templates/gcc/startup_sam4c.o
 .comment       0x00000059       0x5a src/ASF/sam/utils/cmsis/sam4c/source/templates/system_sam4c.o

.debug_info     0x00000000    0x2d09a
 .debug_info    0x00000000     0x500b src/app/at90e_xx/at90e_xx.o
 .debug_info    0x0000500b     0x1856 src/app/basetimer/basetimer.o
 .debug_info    0x00006861     0x168c src/app/checkmajorpara/checkmajorpara.o
 .debug_info    0x00007eed     0x486a src/app/communication/comprocess.o
 .debug_info    0x0000c757     0x3433 src/app/display/display.o
 .debug_info    0x0000fb8a     0x245a src/app/eeprom/eeprom.o
 .debug_info    0x00011fe4     0x1c66 src/app/energy/energy.o
 .debug_info    0x00013c4a     0x1734 src/app/kenerl/task.o
 .debug_info    0x0001537e     0x17c7 src/app/main/main.o
 .debug_info    0x00016b45     0x1776 src/app/meter_math/meter_math.o
 .debug_info    0x000182bb     0x210c src/app/presskey/presskey.o
 .debug_info    0x0001a3c7     0x1a5d src/app/rtcproc/rtcproc.o
 .debug_info    0x0001be24     0x1c8c src/app/secondproc/secondpro.o
 .debug_info    0x0001dab0     0x25bd src/app/sys_init/sys_init.o
 .debug_info    0x0002006d     0x1e32 src/ASF/sam/drivers/pio/pio.o
 .debug_info    0x00021e9f     0x179b src/ASF/sam/drivers/pio/pio_handler.o
 .debug_info    0x0002363a     0x1b48 src/ASF/sam/drivers/pmc/pmc.o
 .debug_info    0x00025182     0x144f src/ASF/sam/drivers/rtc/rtc.o
 .debug_info    0x000265d1     0x1765 src/ASF/sam/drivers/slcdc/slcdc.o
 .debug_info    0x00027d36     0x100a src/ASF/sam/drivers/supc/supc.o
 .debug_info    0x00028d40     0x11a5 src/ASF/sam/drivers/uart/uart.o
 .debug_info    0x00029ee5     0x1d1a src/ASF/sam/drivers/usart/usart.o
 .debug_info    0x0002bbff      0xbe5 src/ASF/sam/drivers/wdt/wdt.o
 .debug_info    0x0002c7e4      0x73b src/ASF/sam/utils/cmsis/sam4c/source/templates/gcc/startup_sam4c.o
 .debug_info    0x0002cf1f      0x17b src/ASF/sam/utils/cmsis/sam4c/source/templates/system_sam4c.o

.debug_abbrev   0x00000000     0x4bdb
 .debug_abbrev  0x00000000      0x427 src/app/at90e_xx/at90e_xx.o
 .debug_abbrev  0x00000427      0x2c1 src/app/basetimer/basetimer.o
 .debug_abbrev  0x000006e8      0x28b src/app/checkmajorpara/checkmajorpara.o
 .debug_abbrev  0x00000973      0x46a src/app/communication/comprocess.o
 .debug_abbrev  0x00000ddd      0x3e6 src/app/display/display.o
 .debug_abbrev  0x000011c3      0x3f2 src/app/eeprom/eeprom.o
 .debug_abbrev  0x000015b5      0x3b4 src/app/energy/energy.o
 .debug_abbrev  0x00001969      0x2f2 src/app/kenerl/task.o
 .debug_abbrev  0x00001c5b      0x294 src/app/main/main.o
 .debug_abbrev  0x00001eef      0x2de src/app/meter_math/meter_math.o
 .debug_abbrev  0x000021cd      0x306 src/app/presskey/presskey.o
 .debug_abbrev  0x000024d3      0x2fd src/app/rtcproc/rtcproc.o
 .debug_abbrev  0x000027d0      0x289 src/app/secondproc/secondpro.o
 .debug_abbrev  0x00002a59      0x387 src/app/sys_init/sys_init.o
 .debug_abbrev  0x00002de0      0x3c0 src/ASF/sam/drivers/pio/pio.o
 .debug_abbrev  0x000031a0      0x327 src/ASF/sam/drivers/pio/pio_handler.o
 .debug_abbrev  0x000034c7      0x315 src/ASF/sam/drivers/pmc/pmc.o
 .debug_abbrev  0x000037dc      0x2e3 src/ASF/sam/drivers/rtc/rtc.o
 .debug_abbrev  0x00003abf      0x38c src/ASF/sam/drivers/slcdc/slcdc.o
 .debug_abbrev  0x00003e4b      0x2ea src/ASF/sam/drivers/supc/supc.o
 .debug_abbrev  0x00004135      0x2a9 src/ASF/sam/drivers/uart/uart.o
 .debug_abbrev  0x000043de      0x38c src/ASF/sam/drivers/usart/usart.o
 .debug_abbrev  0x0000476a      0x230 src/ASF/sam/drivers/wdt/wdt.o
 .debug_abbrev  0x0000499a      0x15e src/ASF/sam/utils/cmsis/sam4c/source/templates/gcc/startup_sam4c.o
 .debug_abbrev  0x00004af8       0xe3 src/ASF/sam/utils/cmsis/sam4c/source/templates/system_sam4c.o

.debug_loc      0x00000000     0xb6a9
 .debug_loc     0x00000000     0x2fb5 src/app/at90e_xx/at90e_xx.o
 .debug_loc     0x00002fb5       0x20 src/app/basetimer/basetimer.o
 .debug_loc     0x00002fd5       0x38 src/app/checkmajorpara/checkmajorpara.o
 .debug_loc     0x0000300d     0x147e src/app/communication/comprocess.o
 .debug_loc     0x0000448b     0x1009 src/app/display/display.o
 .debug_loc     0x00005494      0xd0b src/app/eeprom/eeprom.o
 .debug_loc     0x0000619f      0x553 src/app/energy/energy.o
 .debug_loc     0x000066f2       0x87 src/app/kenerl/task.o
 .debug_loc     0x00006779       0x20 src/app/main/main.o
 .debug_loc     0x00006799      0x358 src/app/meter_math/meter_math.o
 .debug_loc     0x00006af1      0x158 src/app/presskey/presskey.o
 .debug_loc     0x00006c49      0x1ea src/app/rtcproc/rtcproc.o
 .debug_loc     0x00006e33       0x20 src/app/secondproc/secondpro.o
 .debug_loc     0x00006e53      0x193 src/app/sys_init/sys_init.o
 .debug_loc     0x00006fe6      0xe63 src/ASF/sam/drivers/pio/pio.o
 .debug_loc     0x00007e49      0x505 src/ASF/sam/drivers/pio/pio_handler.o
 .debug_loc     0x0000834e      0xc59 src/ASF/sam/drivers/pmc/pmc.o
 .debug_loc     0x00008fa7      0xcfa src/ASF/sam/drivers/rtc/rtc.o
 .debug_loc     0x00009ca1      0x617 src/ASF/sam/drivers/slcdc/slcdc.o
 .debug_loc     0x0000a2b8      0x272 src/ASF/sam/drivers/supc/supc.o
 .debug_loc     0x0000a52a      0x2b5 src/ASF/sam/drivers/uart/uart.o
 .debug_loc     0x0000a7df      0xce4 src/ASF/sam/drivers/usart/usart.o
 .debug_loc     0x0000b4c3      0x145 src/ASF/sam/drivers/wdt/wdt.o
 .debug_loc     0x0000b608       0xa1 src/ASF/sam/utils/cmsis/sam4c/source/templates/gcc/startup_sam4c.o

.debug_aranges  0x00000000      0xeb0
 .debug_aranges
                0x00000000      0x198 src/app/at90e_xx/at90e_xx.o
 .debug_aranges
                0x00000198       0x28 src/app/basetimer/basetimer.o
 .debug_aranges
                0x000001c0       0x20 src/app/checkmajorpara/checkmajorpara.o
 .debug_aranges
                0x000001e0       0x78 src/app/communication/comprocess.o
 .debug_aranges
                0x00000258       0x98 src/app/display/display.o
 .debug_aranges
                0x000002f0       0xb0 src/app/eeprom/eeprom.o
 .debug_aranges
                0x000003a0       0x50 src/app/energy/energy.o
 .debug_aranges
                0x000003f0       0x38 src/app/kenerl/task.o
 .debug_aranges
                0x00000428       0x20 src/app/main/main.o
 .debug_aranges
                0x00000448       0x48 src/app/meter_math/meter_math.o
 .debug_aranges
                0x00000490       0x48 src/app/presskey/presskey.o
 .debug_aranges
                0x000004d8       0x38 src/app/rtcproc/rtcproc.o
 .debug_aranges
                0x00000510       0x20 src/app/secondproc/secondpro.o
 .debug_aranges
                0x00000530       0x40 src/app/sys_init/sys_init.o
 .debug_aranges
                0x00000570      0x168 src/ASF/sam/drivers/pio/pio.o
 .debug_aranges
                0x000006d8       0x50 src/ASF/sam/drivers/pio/pio_handler.o
 .debug_aranges
                0x00000728      0x248 src/ASF/sam/drivers/pmc/pmc.o
 .debug_aranges
                0x00000970       0xf8 src/ASF/sam/drivers/rtc/rtc.o
 .debug_aranges
                0x00000a68       0x60 src/ASF/sam/drivers/slcdc/slcdc.o
 .debug_aranges
                0x00000ac8       0xc8 src/ASF/sam/drivers/supc/supc.o
 .debug_aranges
                0x00000b90       0xe8 src/ASF/sam/drivers/uart/uart.o
 .debug_aranges
                0x00000c78      0x198 src/ASF/sam/drivers/usart/usart.o
 .debug_aranges
                0x00000e10       0x48 src/ASF/sam/drivers/wdt/wdt.o
 .debug_aranges
                0x00000e58       0x28 src/ASF/sam/utils/cmsis/sam4c/source/templates/gcc/startup_sam4c.o
 .debug_aranges
                0x00000e80       0x30 src/ASF/sam/utils/cmsis/sam4c/source/templates/system_sam4c.o

.debug_ranges   0x00000000      0xd80
 .debug_ranges  0x00000000      0x188 src/app/at90e_xx/at90e_xx.o
 .debug_ranges  0x00000188       0x18 src/app/basetimer/basetimer.o
 .debug_ranges  0x000001a0       0x10 src/app/checkmajorpara/checkmajorpara.o
 .debug_ranges  0x000001b0       0x68 src/app/communication/comprocess.o
 .debug_ranges  0x00000218       0x88 src/app/display/display.o
 .debug_ranges  0x000002a0       0xa0 src/app/eeprom/eeprom.o
 .debug_ranges  0x00000340       0x40 src/app/energy/energy.o
 .debug_ranges  0x00000380       0x28 src/app/kenerl/task.o
 .debug_ranges  0x000003a8       0x10 src/app/main/main.o
 .debug_ranges  0x000003b8       0x38 src/app/meter_math/meter_math.o
 .debug_ranges  0x000003f0       0x38 src/app/presskey/presskey.o
 .debug_ranges  0x00000428       0x28 src/app/rtcproc/rtcproc.o
 .debug_ranges  0x00000450       0x10 src/app/secondproc/secondpro.o
 .debug_ranges  0x00000460       0x30 src/app/sys_init/sys_init.o
 .debug_ranges  0x00000490      0x170 src/ASF/sam/drivers/pio/pio.o
 .debug_ranges  0x00000600       0x58 src/ASF/sam/drivers/pio/pio_handler.o
 .debug_ranges  0x00000658      0x238 src/ASF/sam/drivers/pmc/pmc.o
 .debug_ranges  0x00000890       0xe8 src/ASF/sam/drivers/rtc/rtc.o
 .debug_ranges  0x00000978       0x68 src/ASF/sam/drivers/slcdc/slcdc.o
 .debug_ranges  0x000009e0       0xb8 src/ASF/sam/drivers/supc/supc.o
 .debug_ranges  0x00000a98       0xd8 src/ASF/sam/drivers/uart/uart.o
 .debug_ranges  0x00000b70      0x1a0 src/ASF/sam/drivers/usart/usart.o
 .debug_ranges  0x00000d10       0x38 src/ASF/sam/drivers/wdt/wdt.o
 .debug_ranges  0x00000d48       0x18 src/ASF/sam/utils/cmsis/sam4c/source/templates/gcc/startup_sam4c.o
 .debug_ranges  0x00000d60       0x20 src/ASF/sam/utils/cmsis/sam4c/source/templates/system_sam4c.o

.debug_macro    0x00000000    0x1ad26
 .debug_macro   0x00000000      0x76d src/app/at90e_xx/at90e_xx.o
 .debug_macro   0x0000076d      0x8ce src/app/at90e_xx/at90e_xx.o
 .debug_macro   0x0000103b       0x16 src/app/at90e_xx/at90e_xx.o
 .debug_macro   0x00001051      0x16d src/app/at90e_xx/at90e_xx.o
 .debug_macro   0x000011be      0x644 src/app/at90e_xx/at90e_xx.o
 .debug_macro   0x00001802       0x76 src/app/at90e_xx/at90e_xx.o
 .debug_macro   0x00001878       0x16 src/app/at90e_xx/at90e_xx.o
 .debug_macro   0x0000188e      0x6e4 src/app/at90e_xx/at90e_xx.o
 .debug_macro   0x00001f72       0x22 src/app/at90e_xx/at90e_xx.o
 .debug_macro   0x00001f94       0x87 src/app/at90e_xx/at90e_xx.o
 .debug_macro   0x0000201b       0x51 src/app/at90e_xx/at90e_xx.o
 .debug_macro   0x0000206c       0xef src/app/at90e_xx/at90e_xx.o
 .debug_macro   0x0000215b       0x6a src/app/at90e_xx/at90e_xx.o
 .debug_macro   0x000021c5      0x1df src/app/at90e_xx/at90e_xx.o
 .debug_macro   0x000023a4       0x27 src/app/at90e_xx/at90e_xx.o
 .debug_macro   0x000023cb       0x3b src/app/at90e_xx/at90e_xx.o
 .debug_macro   0x00002406       0x2d src/app/at90e_xx/at90e_xx.o
 .debug_macro   0x00002433       0x26 src/app/at90e_xx/at90e_xx.o
 .debug_macro   0x00002459      0xbbf src/app/at90e_xx/at90e_xx.o
 .debug_macro   0x00003018      0x686 src/app/at90e_xx/at90e_xx.o
 .debug_macro   0x0000369e      0x36a src/app/at90e_xx/at90e_xx.o
 .debug_macro   0x00003a08      0x29f src/app/at90e_xx/at90e_xx.o
 .debug_macro   0x00003ca7      0x10c src/app/at90e_xx/at90e_xx.o
 .debug_macro   0x00003db3      0x124 src/app/at90e_xx/at90e_xx.o
 .debug_macro   0x00003ed7       0x1c src/app/at90e_xx/at90e_xx.o
 .debug_macro   0x00003ef3      0x316 src/app/at90e_xx/at90e_xx.o
 .debug_macro   0x00004209      0x5ed src/app/at90e_xx/at90e_xx.o
 .debug_macro   0x000047f6      0x6b4 src/app/at90e_xx/at90e_xx.o
 .debug_macro   0x00004eaa       0xbe src/app/at90e_xx/at90e_xx.o
 .debug_macro   0x00004f68     0x2a47 src/app/at90e_xx/at90e_xx.o
 .debug_macro   0x000079af      0x96a src/app/at90e_xx/at90e_xx.o
 .debug_macro   0x00008319      0x25f src/app/at90e_xx/at90e_xx.o
 .debug_macro   0x00008578       0xb8 src/app/at90e_xx/at90e_xx.o
 .debug_macro   0x00008630       0x76 src/app/at90e_xx/at90e_xx.o
 .debug_macro   0x000086a6      0x43b src/app/at90e_xx/at90e_xx.o
 .debug_macro   0x00008ae1       0x64 src/app/at90e_xx/at90e_xx.o
 .debug_macro   0x00008b45      0x3a3 src/app/at90e_xx/at90e_xx.o
 .debug_macro   0x00008ee8      0x1c1 src/app/at90e_xx/at90e_xx.o
 .debug_macro   0x000090a9      0x385 src/app/at90e_xx/at90e_xx.o
 .debug_macro   0x0000942e      0x856 src/app/at90e_xx/at90e_xx.o
 .debug_macro   0x00009c84      0x58f src/app/at90e_xx/at90e_xx.o
 .debug_macro   0x0000a213       0x46 src/app/at90e_xx/at90e_xx.o
 .debug_macro   0x0000a259      0x380 src/app/at90e_xx/at90e_xx.o
 .debug_macro   0x0000a5d9      0x368 src/app/at90e_xx/at90e_xx.o
 .debug_macro   0x0000a941      0x63d src/app/at90e_xx/at90e_xx.o
 .debug_macro   0x0000af7e       0x76 src/app/at90e_xx/at90e_xx.o
 .debug_macro   0x0000aff4       0xa6 src/app/at90e_xx/at90e_xx.o
 .debug_macro   0x0000b09a       0x88 src/app/at90e_xx/at90e_xx.o
 .debug_macro   0x0000b122       0xfc src/app/at90e_xx/at90e_xx.o
 .debug_macro   0x0000b21e       0xfc src/app/at90e_xx/at90e_xx.o
 .debug_macro   0x0000b31a       0x94 src/app/at90e_xx/at90e_xx.o
 .debug_macro   0x0000b3ae       0x58 src/app/at90e_xx/at90e_xx.o
 .debug_macro   0x0000b406       0xac src/app/at90e_xx/at90e_xx.o
 .debug_macro   0x0000b4b2       0xac src/app/at90e_xx/at90e_xx.o
 .debug_macro   0x0000b55e       0xac src/app/at90e_xx/at90e_xx.o
 .debug_macro   0x0000b60a       0xac src/app/at90e_xx/at90e_xx.o
 .debug_macro   0x0000b6b6       0xac src/app/at90e_xx/at90e_xx.o
 .debug_macro   0x0000b762       0xa6 src/app/at90e_xx/at90e_xx.o
 .debug_macro   0x0000b808       0xa0 src/app/at90e_xx/at90e_xx.o
 .debug_macro   0x0000b8a8       0x4c src/app/at90e_xx/at90e_xx.o
 .debug_macro   0x0000b8f4       0x2e src/app/at90e_xx/at90e_xx.o
 .debug_macro   0x0000b922       0x34 src/app/at90e_xx/at90e_xx.o
 .debug_macro   0x0000b956       0x40 src/app/at90e_xx/at90e_xx.o
 .debug_macro   0x0000b996       0x88 src/app/at90e_xx/at90e_xx.o
 .debug_macro   0x0000ba1e       0x6a src/app/at90e_xx/at90e_xx.o
 .debug_macro   0x0000ba88       0xb2 src/app/at90e_xx/at90e_xx.o
 .debug_macro   0x0000bb3a       0x7c src/app/at90e_xx/at90e_xx.o
 .debug_macro   0x0000bbb6       0x16 src/app/at90e_xx/at90e_xx.o
 .debug_macro   0x0000bbcc       0x22 src/app/at90e_xx/at90e_xx.o
 .debug_macro   0x0000bbee      0x13c src/app/at90e_xx/at90e_xx.o
 .debug_macro   0x0000bd2a      0x13c src/app/at90e_xx/at90e_xx.o
 .debug_macro   0x0000be66       0x22 src/app/at90e_xx/at90e_xx.o
 .debug_macro   0x0000be88       0x2e src/app/at90e_xx/at90e_xx.o
 .debug_macro   0x0000beb6       0x22 src/app/at90e_xx/at90e_xx.o
 .debug_macro   0x0000bed8       0x1c src/app/at90e_xx/at90e_xx.o
 .debug_macro   0x0000bef4       0x76 src/app/at90e_xx/at90e_xx.o
 .debug_macro   0x0000bf6a       0x10 src/app/at90e_xx/at90e_xx.o
 .debug_macro   0x0000bf7a       0x1c src/app/at90e_xx/at90e_xx.o
 .debug_macro   0x0000bf96       0x88 src/app/at90e_xx/at90e_xx.o
 .debug_macro   0x0000c01e       0x7c src/app/at90e_xx/at90e_xx.o
 .debug_macro   0x0000c09a       0xb2 src/app/at90e_xx/at90e_xx.o
 .debug_macro   0x0000c14c      0x13c src/app/at90e_xx/at90e_xx.o
 .debug_macro   0x0000c288       0x6a src/app/at90e_xx/at90e_xx.o
 .debug_macro   0x0000c2f2       0x34 src/app/at90e_xx/at90e_xx.o
 .debug_macro   0x0000c326       0x40 src/app/at90e_xx/at90e_xx.o
 .debug_macro   0x0000c366       0x88 src/app/at90e_xx/at90e_xx.o
 .debug_macro   0x0000c3ee      0x28f src/app/at90e_xx/at90e_xx.o
 .debug_macro   0x0000c67d      0x9ee src/app/at90e_xx/at90e_xx.o
 .debug_macro   0x0000d06b      0x11c src/app/at90e_xx/at90e_xx.o
 .debug_macro   0x0000d187       0x58 src/app/at90e_xx/at90e_xx.o
 .debug_macro   0x0000d1df       0x35 src/app/at90e_xx/at90e_xx.o
 .debug_macro   0x0000d214       0x9c src/app/at90e_xx/at90e_xx.o
 .debug_macro   0x0000d2b0       0x16 src/app/at90e_xx/at90e_xx.o
 .debug_macro   0x0000d2c6       0x35 src/app/at90e_xx/at90e_xx.o
 .debug_macro   0x0000d2fb      0x353 src/app/at90e_xx/at90e_xx.o
 .debug_macro   0x0000d64e       0x10 src/app/at90e_xx/at90e_xx.o
 .debug_macro   0x0000d65e       0x58 src/app/at90e_xx/at90e_xx.o
 .debug_macro   0x0000d6b6       0x1f src/app/at90e_xx/at90e_xx.o
 .debug_macro   0x0000d6d5       0x43 src/app/at90e_xx/at90e_xx.o
 .debug_macro   0x0000d718       0x20 src/app/at90e_xx/at90e_xx.o
 .debug_macro   0x0000d738      0x187 src/app/at90e_xx/at90e_xx.o
 .debug_macro   0x0000d8bf       0x10 src/app/at90e_xx/at90e_xx.o
 .debug_macro   0x0000d8cf       0x1c src/app/at90e_xx/at90e_xx.o
 .debug_macro   0x0000d8eb       0x52 src/app/at90e_xx/at90e_xx.o
 .debug_macro   0x0000d93d       0x40 src/app/at90e_xx/at90e_xx.o
 .debug_macro   0x0000d97d       0x10 src/app/at90e_xx/at90e_xx.o
 .debug_macro   0x0000d98d       0x40 src/app/at90e_xx/at90e_xx.o
 .debug_macro   0x0000d9cd       0xd7 src/app/at90e_xx/at90e_xx.o
 .debug_macro   0x0000daa4       0x16 src/app/at90e_xx/at90e_xx.o
 .debug_macro   0x0000daba      0x18b src/app/at90e_xx/at90e_xx.o
 .debug_macro   0x0000dc45       0x22 src/app/at90e_xx/at90e_xx.o
 .debug_macro   0x0000dc67       0x16 src/app/at90e_xx/at90e_xx.o
 .debug_macro   0x0000dc7d       0x16 src/app/at90e_xx/at90e_xx.o
 .debug_macro   0x0000dc93       0x29 src/app/at90e_xx/at90e_xx.o
 .debug_macro   0x0000dcbc       0x75 src/app/at90e_xx/at90e_xx.o
 .debug_macro   0x0000dd31       0x3f src/app/at90e_xx/at90e_xx.o
 .debug_macro   0x0000dd70      0x3ca src/app/at90e_xx/at90e_xx.o
 .debug_macro   0x0000e13a       0x16 src/app/at90e_xx/at90e_xx.o
 .debug_macro   0x0000e150      0x1e1 src/app/at90e_xx/at90e_xx.o
 .debug_macro   0x0000e331      0x2aa src/app/at90e_xx/at90e_xx.o
 .debug_macro   0x0000e5db      0x55f src/app/at90e_xx/at90e_xx.o
 .debug_macro   0x0000eb3a       0x94 src/app/at90e_xx/at90e_xx.o
 .debug_macro   0x0000ebce       0x58 src/app/at90e_xx/at90e_xx.o
 .debug_macro   0x0000ec26       0x34 src/app/at90e_xx/at90e_xx.o
 .debug_macro   0x0000ec5a       0x40 src/app/at90e_xx/at90e_xx.o
 .debug_macro   0x0000ec9a       0x6a src/app/at90e_xx/at90e_xx.o
 .debug_macro   0x0000ed04       0x6b src/app/at90e_xx/at90e_xx.o
 .debug_macro   0x0000ed6f       0xba src/app/at90e_xx/at90e_xx.o
 .debug_macro   0x0000ee29       0x2e src/app/at90e_xx/at90e_xx.o
 .debug_macro   0x0000ee57       0x42 src/app/at90e_xx/at90e_xx.o
 .debug_macro   0x0000ee99       0x3a src/app/at90e_xx/at90e_xx.o
 .debug_macro   0x0000eed3       0x19 src/app/at90e_xx/at90e_xx.o
 .debug_macro   0x0000eeec       0x10 src/app/at90e_xx/at90e_xx.o
 .debug_macro   0x0000eefc       0x10 src/app/at90e_xx/at90e_xx.o
 .debug_macro   0x0000ef0c       0x1c src/app/at90e_xx/at90e_xx.o
 .debug_macro   0x0000ef28       0x4c src/app/at90e_xx/at90e_xx.o
 .debug_macro   0x0000ef74       0x10 src/app/at90e_xx/at90e_xx.o
 .debug_macro   0x0000ef84      0x11c src/app/at90e_xx/at90e_xx.o
 .debug_macro   0x0000f0a0       0x1c src/app/at90e_xx/at90e_xx.o
 .debug_macro   0x0000f0bc      0x1ce src/app/at90e_xx/at90e_xx.o
 .debug_macro   0x0000f28a       0x10 src/app/at90e_xx/at90e_xx.o
 .debug_macro   0x0000f29a      0x124 src/app/at90e_xx/at90e_xx.o
 .debug_macro   0x0000f3be       0x1c src/app/at90e_xx/at90e_xx.o
 .debug_macro   0x0000f3da     0x1154 src/app/at90e_xx/at90e_xx.o
 .debug_macro   0x0001052e       0xdc src/app/at90e_xx/at90e_xx.o
 .debug_macro   0x0001060a      0x679 src/app/at90e_xx/at90e_xx.o
 .debug_macro   0x00010c83      0x762 src/app/basetimer/basetimer.o
 .debug_macro   0x000113e5      0x67f src/app/basetimer/basetimer.o
 .debug_macro   0x00011a64      0x762 src/app/checkmajorpara/checkmajorpara.o
 .debug_macro   0x000121c6      0x762 src/app/communication/comprocess.o
 .debug_macro   0x00012928      0x762 src/app/display/display.o
 .debug_macro   0x0001308a      0x767 src/app/eeprom/eeprom.o
 .debug_macro   0x000137f1      0x762 src/app/energy/energy.o
 .debug_macro   0x00013f53      0x762 src/app/kenerl/task.o
 .debug_macro   0x000146b5      0x762 src/app/main/main.o
 .debug_macro   0x00014e17      0x762 src/app/meter_math/meter_math.o
 .debug_macro   0x00015579      0x762 src/app/presskey/presskey.o
 .debug_macro   0x00015cdb      0x762 src/app/rtcproc/rtcproc.o
 .debug_macro   0x0001643d      0x762 src/app/secondproc/secondpro.o
 .debug_macro   0x00016b9f      0x762 src/app/sys_init/sys_init.o
 .debug_macro   0x00017301      0x57f src/ASF/sam/drivers/pio/pio.o
 .debug_macro   0x00017880       0x8e src/ASF/sam/drivers/pio/pio.o
 .debug_macro   0x0001790e      0x589 src/ASF/sam/drivers/pio/pio_handler.o
 .debug_macro   0x00017e97      0x57f src/ASF/sam/drivers/pmc/pmc.o
 .debug_macro   0x00018416       0x52 src/ASF/sam/drivers/pmc/pmc.o
 .debug_macro   0x00018468      0x58c src/ASF/sam/drivers/rtc/rtc.o
 .debug_macro   0x000189f4      0x5fb src/ASF/sam/drivers/slcdc/slcdc.o
 .debug_macro   0x00018fef      0x574 src/ASF/sam/drivers/supc/supc.o
 .debug_macro   0x00019563      0x586 src/ASF/sam/drivers/uart/uart.o
 .debug_macro   0x00019ae9      0x5bb src/ASF/sam/drivers/usart/usart.o
 .debug_macro   0x0001a0a4       0x28 src/ASF/sam/drivers/usart/usart.o
 .debug_macro   0x0001a0cc      0x58c src/ASF/sam/drivers/wdt/wdt.o
 .debug_macro   0x0001a658      0x367 src/ASF/sam/utils/cmsis/sam4c/source/templates/gcc/startup_sam4c.o
 .debug_macro   0x0001a9bf      0x367 src/ASF/sam/utils/cmsis/sam4c/source/templates/system_sam4c.o

.debug_line     0x00000000    0x18f57
 .debug_line    0x00000000     0x1bb2 src/app/at90e_xx/at90e_xx.o
 .debug_line    0x00001bb2     0x1061 src/app/basetimer/basetimer.o
 .debug_line    0x00002c13     0x1012 src/app/checkmajorpara/checkmajorpara.o
 .debug_line    0x00003c25     0x181f src/app/communication/comprocess.o
 .debug_line    0x00005444     0x13d1 src/app/display/display.o
 .debug_line    0x00006815     0x131d src/app/eeprom/eeprom.o
 .debug_line    0x00007b32     0x11d0 src/app/energy/energy.o
 .debug_line    0x00008d02     0x106a src/app/kenerl/task.o
 .debug_line    0x00009d6c     0x1018 src/app/main/main.o
 .debug_line    0x0000ad84     0x1084 src/app/meter_math/meter_math.o
 .debug_line    0x0000be08     0x1087 src/app/presskey/presskey.o
 .debug_line    0x0000ce8f     0x1082 src/app/rtcproc/rtcproc.o
 .debug_line    0x0000df11     0x1035 src/app/secondproc/secondpro.o
 .debug_line    0x0000ef46     0x10dd src/app/sys_init/sys_init.o
 .debug_line    0x00010023      0xf44 src/ASF/sam/drivers/pio/pio.o
 .debug_line    0x00010f67      0xbe7 src/ASF/sam/drivers/pio/pio_handler.o
 .debug_line    0x00011b4e     0x1167 src/ASF/sam/drivers/pmc/pmc.o
 .debug_line    0x00012cb5      0xdd9 src/ASF/sam/drivers/rtc/rtc.o
 .debug_line    0x00013a8e      0xd87 src/ASF/sam/drivers/slcdc/slcdc.o
 .debug_line    0x00014815      0xce3 src/ASF/sam/drivers/supc/supc.o
 .debug_line    0x000154f8      0xd06 src/ASF/sam/drivers/uart/uart.o
 .debug_line    0x000161fe      0xf97 src/ASF/sam/drivers/usart/usart.o
 .debug_line    0x00017195      0xb96 src/ASF/sam/drivers/wdt/wdt.o
 .debug_line    0x00017d2b      0x919 src/ASF/sam/utils/cmsis/sam4c/source/templates/gcc/startup_sam4c.o
 .debug_line    0x00018644      0x913 src/ASF/sam/utils/cmsis/sam4c/source/templates/system_sam4c.o

.debug_str      0x00000000    0x5f0f7
 .debug_str     0x00000000    0x5b211 src/app/at90e_xx/at90e_xx.o
                              0x5b82c (size before relaxing)
 .debug_str     0x0005b211      0x221 src/app/basetimer/basetimer.o
                              0x5982b (size before relaxing)
 .debug_str     0x0005b432       0x68 src/app/checkmajorpara/checkmajorpara.o
                              0x5969f (size before relaxing)
 .debug_str     0x0005b49a      0xaa2 src/app/communication/comprocess.o
                              0x5bea8 (size before relaxing)
 .debug_str     0x0005bf3c      0x574 src/app/display/display.o
                              0x5a2a1 (size before relaxing)
 .debug_str     0x0005c4b0      0x155 src/app/eeprom/eeprom.o
                              0x59b11 (size before relaxing)
 .debug_str     0x0005c605       0xec src/app/energy/energy.o
                              0x59882 (size before relaxing)
 .debug_str     0x0005c6f1       0x3b src/app/kenerl/task.o
                              0x59778 (size before relaxing)
 .debug_str     0x0005c72c       0x42 src/app/main/main.o
                              0x59811 (size before relaxing)
 .debug_str     0x0005c76e       0x86 src/app/meter_math/meter_math.o
                              0x5968b (size before relaxing)
 .debug_str     0x0005c7f4       0xa1 src/app/presskey/presskey.o
                              0x59c1f (size before relaxing)
 .debug_str     0x0005c895       0x96 src/app/rtcproc/rtcproc.o
                              0x5988a (size before relaxing)
 .debug_str     0x0005c92b       0x22 src/app/secondproc/secondpro.o
                              0x597e9 (size before relaxing)
 .debug_str     0x0005c94d      0x3b6 src/app/sys_init/sys_init.o
                              0x5a456 (size before relaxing)
 .debug_str     0x0005cd03      0x485 src/ASF/sam/drivers/pio/pio.o
                              0x4afce (size before relaxing)
 .debug_str     0x0005d188       0xf1 src/ASF/sam/drivers/pio/pio_handler.o
                              0x4b01a (size before relaxing)
 .debug_str     0x0005d279      0x73c src/ASF/sam/drivers/pmc/pmc.o
                              0x4b0a2 (size before relaxing)
 .debug_str     0x0005d9b5      0x374 src/ASF/sam/drivers/rtc/rtc.o
                              0x4a9e2 (size before relaxing)
 .debug_str     0x0005dd29      0x2a9 src/ASF/sam/drivers/slcdc/slcdc.o
                              0x4dc36 (size before relaxing)
 .debug_str     0x0005dfd2      0x2eb src/ASF/sam/drivers/supc/supc.o
                              0x4a8b8 (size before relaxing)
 .debug_str     0x0005e2bd      0x25d src/ASF/sam/drivers/uart/uart.o
                              0x4a8fb (size before relaxing)
 .debug_str     0x0005e51a      0x5ce src/ASF/sam/drivers/usart/usart.o
                              0x4ae21 (size before relaxing)
 .debug_str     0x0005eae8       0xdd src/ASF/sam/drivers/wdt/wdt.o
                              0x4a665 (size before relaxing)
 .debug_str     0x0005ebc5      0x4a5 src/ASF/sam/utils/cmsis/sam4c/source/templates/gcc/startup_sam4c.o
                              0x3acd0 (size before relaxing)
 .debug_str     0x0005f06a       0x8d src/ASF/sam/utils/cmsis/sam4c/source/templates/system_sam4c.o
                              0x3a839 (size before relaxing)

.debug_frame    0x00000000     0x254c
 .debug_frame   0x00000000      0x4ac src/app/at90e_xx/at90e_xx.o
 .debug_frame   0x000004ac       0x38 src/app/basetimer/basetimer.o
 .debug_frame   0x000004e4       0x30 src/app/checkmajorpara/checkmajorpara.o
 .debug_frame   0x00000514      0x170 src/app/communication/comprocess.o
 .debug_frame   0x00000684      0x1cc src/app/display/display.o
 .debug_frame   0x00000850      0x298 src/app/eeprom/eeprom.o
 .debug_frame   0x00000ae8       0xfc src/app/energy/energy.o
 .debug_frame   0x00000be4       0x58 src/app/kenerl/task.o
 .debug_frame   0x00000c3c       0x28 src/app/main/main.o
 .debug_frame   0x00000c64       0xa0 src/app/meter_math/meter_math.o
 .debug_frame   0x00000d04       0x98 src/app/presskey/presskey.o
 .debug_frame   0x00000d9c       0x84 src/app/rtcproc/rtcproc.o
 .debug_frame   0x00000e20       0x2c src/app/secondproc/secondpro.o
 .debug_frame   0x00000e4c       0x88 src/app/sys_init/sys_init.o
 .debug_frame   0x00000ed4      0x340 src/ASF/sam/drivers/pio/pio.o
 .debug_frame   0x00001214       0xe0 src/ASF/sam/drivers/pio/pio_handler.o
 .debug_frame   0x000012f4      0x488 src/ASF/sam/drivers/pmc/pmc.o
 .debug_frame   0x0000177c      0x264 src/ASF/sam/drivers/rtc/rtc.o
 .debug_frame   0x000019e0       0xfc src/ASF/sam/drivers/slcdc/slcdc.o
 .debug_frame   0x00001adc      0x170 src/ASF/sam/drivers/supc/supc.o
 .debug_frame   0x00001c4c      0x1bc src/ASF/sam/drivers/uart/uart.o
 .debug_frame   0x00001e08      0x388 src/ASF/sam/drivers/usart/usart.o
 .debug_frame   0x00002190       0x7c src/ASF/sam/drivers/wdt/wdt.o
 .debug_frame   0x0000220c       0x38 src/ASF/sam/utils/cmsis/sam4c/source/templates/gcc/startup_sam4c.o
 .debug_frame   0x00002244       0x40 src/ASF/sam/utils/cmsis/sam4c/source/templates/system_sam4c.o
 .debug_frame   0x00002284       0x4c c:/program files (x86)/atmel/studio/7.0/toolchain/arm/arm-gnu-toolchain/bin/../lib/gcc/arm-none-eabi/6.3.1/thumb/v7e-m\libgcc.a(_arm_addsubsf3.o)
 .debug_frame   0x000022d0       0x38 c:/program files (x86)/atmel/studio/7.0/toolchain/arm/arm-gnu-toolchain/bin/../lib/gcc/arm-none-eabi/6.3.1/thumb/v7e-m\libgcc.a(_arm_muldivsf3.o)
 .debug_frame   0x00002308       0x24 c:/program files (x86)/atmel/studio/7.0/toolchain/arm/arm-gnu-toolchain/bin/../lib/gcc/arm-none-eabi/6.3.1/thumb/v7e-m\libgcc.a(_arm_fixunssfsi.o)
 .debug_frame   0x0000232c       0x2c c:/program files (x86)/atmel/studio/7.0/toolchain/arm/arm-gnu-toolchain/bin/../lib/gcc/arm-none-eabi/6.3.1/thumb/v7e-m\libgcc.a(_aeabi_uldivmod.o)
 .debug_frame   0x00002358       0x34 c:/program files (x86)/atmel/studio/7.0/toolchain/arm/arm-gnu-toolchain/bin/../lib/gcc/arm-none-eabi/6.3.1/thumb/v7e-m\libgcc.a(_udivmoddi4.o)
 .debug_frame   0x0000238c       0x2c c:/program files (x86)/atmel/studio/7.0/toolchain/arm/arm-gnu-toolchain/bin/../lib/gcc/arm-none-eabi/6.3.1/../../../../arm-none-eabi/lib/thumb/v7e-m\libc.a(lib_a-init.o)
 .debug_frame   0x000023b8       0x5c c:/program files (x86)/atmel/studio/7.0/toolchain/arm/arm-gnu-toolchain/bin/../lib/gcc/arm-none-eabi/6.3.1/../../../../arm-none-eabi/lib/thumb/v7e-m\libc.a(lib_a-__call_atexit.o)
 .debug_frame   0x00002414       0x20 c:/program files (x86)/atmel/studio/7.0/toolchain/arm/arm-gnu-toolchain/bin/../lib/gcc/arm-none-eabi/6.3.1/../../../../arm-none-eabi/lib/thumb/v7e-m\libc.a(lib_a-atexit.o)
 .debug_frame   0x00002434       0x34 c:/program files (x86)/atmel/studio/7.0/toolchain/arm/arm-gnu-toolchain/bin/../lib/gcc/arm-none-eabi/6.3.1/../../../../arm-none-eabi/lib/thumb/v7e-m\libc.a(lib_a-fini.o)
 .debug_frame   0x00002468       0xb0 c:/program files (x86)/atmel/studio/7.0/toolchain/arm/arm-gnu-toolchain/bin/../lib/gcc/arm-none-eabi/6.3.1/../../../../arm-none-eabi/lib/thumb/v7e-m\libc.a(lib_a-lock.o)
 .debug_frame   0x00002518       0x34 c:/program files (x86)/atmel/studio/7.0/toolchain/arm/arm-gnu-toolchain/bin/../lib/gcc/arm-none-eabi/6.3.1/../../../../arm-none-eabi/lib/thumb/v7e-m\libc.a(lib_a-__atexit.o)

Cross Reference Table

Symbol                                            File
ADC_Handler                                       src/ASF/sam/utils/cmsis/sam4c/source/templates/gcc/startup_sam4c.o
AES_Handler                                       src/ASF/sam/utils/cmsis/sam4c/source/templates/gcc/startup_sam4c.o
AFE_CF1_INT_handler                               src/app/at90e_xx/at90e_xx.o
AFE_CF2_INT_handler                               src/app/at90e_xx/at90e_xx.o
AFE_CF3_INT_handler                               src/app/at90e_xx/at90e_xx.o
AFE_CF4_INT_handler                               src/app/at90e_xx/at90e_xx.o
AFE_CS_DISABLE                                    src/app/at90e_xx/at90e_xx.o
AFE_CS_ENABLE                                     src/app/at90e_xx/at90e_xx.o
AFE_Configure_CF1                                 src/app/at90e_xx/at90e_xx.o
                                                  src/app/sys_init/sys_init.o
AFE_Configure_CF2                                 src/app/at90e_xx/at90e_xx.o
AFE_Configure_CF3                                 src/app/at90e_xx/at90e_xx.o
AFE_Configure_CF4                                 src/app/at90e_xx/at90e_xx.o
AFE_Configure_IRQ0                                src/app/at90e_xx/at90e_xx.o
AFE_Configure_IRQ1                                src/app/at90e_xx/at90e_xx.o
AFE_Configure_WarmOut                             src/app/at90e_xx/at90e_xx.o
AFE_Configure_ZX0                                 src/app/at90e_xx/at90e_xx.o
AFE_Configure_ZX1                                 src/app/at90e_xx/at90e_xx.o
AFE_Configure_ZX2                                 src/app/at90e_xx/at90e_xx.o
AFE_DMA_DISABLE                                   src/app/at90e_xx/at90e_xx.o
AFE_DMA_ENABLE                                    src/app/at90e_xx/at90e_xx.o
AFE_Detect_MODE                                   src/app/at90e_xx/at90e_xx.o
AFE_Idle_MODE                                     src/app/at90e_xx/at90e_xx.o
AFE_Normal_MODE                                   src/app/at90e_xx/at90e_xx.o
AFE_Patial_MODE                                   src/app/at90e_xx/at90e_xx.o
AFE_SPI_Init                                      src/app/at90e_xx/at90e_xx.o
AFE_ZX0_INT_handler                               src/app/at90e_xx/at90e_xx.o
AFE_ZX1_INT_handler                               src/app/at90e_xx/at90e_xx.o
AFE_ZX2_INT_handler                               src/app/at90e_xx/at90e_xx.o
ARM1_Handler                                      src/ASF/sam/utils/cmsis/sam4c/source/templates/gcc/startup_sam4c.o
Add_PulseEnergy                                   src/app/energy/energy.o
BCD_2_Add                                         src/app/meter_math/meter_math.o
BCD_8BIN                                          src/app/meter_math/meter_math.o
                                                  src/app/rtcproc/rtcproc.o
                                                  src/app/communication/comprocess.o
BCD_8_Add                                         src/app/meter_math/meter_math.o
                                                  src/app/energy/energy.o
BCD_Verify                                        src/app/meter_math/meter_math.o
BIN_TO_BCD                                        src/app/meter_math/meter_math.o
                                                  src/app/energy/energy.o
BSP_E2promBus_Init                                src/app/eeprom/eeprom.o
                                                  src/app/sys_init/sys_init.o
BaseTimerProcess                                  src/app/basetimer/basetimer.o
                                                  src/app/main/main.o
BusFault_Handler                                  src/ASF/sam/utils/cmsis/sam4c/source/templates/gcc/startup_sam4c.o
CMD_Rd_AFE_Reg                                    src/app/at90e_xx/at90e_xx.o
                                                  src/app/communication/comprocess.o
CMD_Wr_AFE_Reg                                    src/app/at90e_xx/at90e_xx.o
                                                  src/app/communication/comprocess.o
COPYBYTEDATA                                      src/app/eeprom/eeprom.o
                                                  src/app/communication/comprocess.o
                                                  src/app/checkmajorpara/checkmajorpara.o
CPKCC_Handler                                     src/ASF/sam/utils/cmsis/sam4c/source/templates/gcc/startup_sam4c.o
CSandXOR_CheckGenerator                           src/app/eeprom/eeprom.o
                                                  src/app/energy/energy.o
Calculate_Frequency                               src/app/at90e_xx/at90e_xx.o
Calculate_I_V_Fundamental                         src/app/at90e_xx/at90e_xx.o
                                                  src/app/communication/comprocess.o
Calculate_I_V_HarmonicRatio                       src/app/at90e_xx/at90e_xx.o
                                                  src/app/communication/comprocess.o
Calculate_Power                                   src/app/at90e_xx/at90e_xx.o
Calculate_PowerFactor                             src/app/at90e_xx/at90e_xx.o
Calculate_THDNx                                   src/app/at90e_xx/at90e_xx.o
Calculate_V_I_Mul_Scal                            src/app/at90e_xx/at90e_xx.o
Calculate_V_I_Peak                                src/app/at90e_xx/at90e_xx.o
Calculate_V_I_RMS                                 src/app/at90e_xx/at90e_xx.o
Calculate_angle                                   src/app/at90e_xx/at90e_xx.o
CheckMajorParaProcess                             src/app/checkmajorpara/checkmajorpara.o
                                                  src/app/main/main.o
Clear_Energy                                      src/app/energy/energy.o
                                                  src/app/communication/comprocess.o
ComProcess                                        src/app/communication/comprocess.o
                                                  src/app/main/main.o
ComSendProcess                                    src/app/communication/comprocess.o
                                                  src/app/main/main.o
Configure_AFE_Int                                 src/app/at90e_xx/at90e_xx.o
                                                  src/app/sys_init/sys_init.o
Date_FormatChk                                    src/app/rtcproc/rtcproc.o
                                                  src/app/communication/comprocess.o
DebugMon_Handler                                  src/ASF/sam/utils/cmsis/sam4c/source/templates/gcc/startup_sam4c.o
DecodeDspTable                                    src/app/display/display.o
Delay_N_ms                                        src/app/eeprom/eeprom.o
                                                  src/app/at90e_xx/at90e_xx.o
Delay_N_us                                        src/app/eeprom/eeprom.o
                                                  src/app/at90e_xx/at90e_xx.o
DispDnkey_INT_handler                             src/app/presskey/presskey.o
DispDnkey_detect_config                           src/app/presskey/presskey.o
                                                  src/app/sys_init/sys_init.o
DispUpkey_INT_handler                             src/app/presskey/presskey.o
DispUpkey_detect_config                           src/app/presskey/presskey.o
                                                  src/app/sys_init/sys_init.o
DisplayPixel                                      src/app/display/display.o
DisplaySingleDigit                                src/app/display/display.o
DisplayText                                       src/app/display/display.o
Dummy_Handler                                     src/ASF/sam/utils/cmsis/sam4c/source/templates/gcc/startup_sam4c.o
EEPROMClose                                       src/app/eeprom/eeprom.o
EEPROMGetState                                    src/app/eeprom/eeprom.o
EEPROMOpen                                        src/app/eeprom/eeprom.o
EEPROMreader                                      src/app/eeprom/eeprom.o
                                                  src/app/energy/energy.o
                                                  src/app/communication/comprocess.o
                                                  src/app/at90e_xx/at90e_xx.o
EEPROMwriter                                      src/app/eeprom/eeprom.o
                                                  src/app/energy/energy.o
                                                  src/app/communication/comprocess.o
EFC_Handler                                       src/ASF/sam/utils/cmsis/sam4c/source/templates/gcc/startup_sam4c.o
Enable_Harmonic_Calculate                         src/app/at90e_xx/at90e_xx.o
                                                  src/app/secondproc/secondpro.o
                                                  src/app/communication/comprocess.o
EnergyProcess                                     src/app/energy/energy.o
                                                  src/app/main/main.o
EnergyServe                                       src/app/energy/energy.o
GetTaskFromQue                                    src/app/kenerl/task.o
                                                  src/app/main/main.o
HardFault_Handler                                 src/ASF/sam/utils/cmsis/sam4c/source/templates/gcc/startup_sam4c.o
I2C_START                                         src/app/eeprom/eeprom.o
I2C_STOP                                          src/app/eeprom/eeprom.o
ICM_Handler                                       src/ASF/sam/utils/cmsis/sam4c/source/templates/gcc/startup_sam4c.o
IEC_Cal_RxBcc                                     src/app/communication/comprocess.o
IEC_Cal_TxBcc                                     src/app/communication/comprocess.o
IPC0_Handler                                      src/ASF/sam/utils/cmsis/sam4c/source/templates/gcc/startup_sam4c.o
IPC1_Handler                                      src/ASF/sam/utils/cmsis/sam4c/source/templates/gcc/startup_sam4c.o
Identify_AFE_Type                                 src/app/at90e_xx/at90e_xx.o
                                                  src/app/sys_init/sys_init.o
InitTaskQue                                       src/app/kenerl/task.o
                                                  src/app/sys_init/sys_init.o
Init_Uart_App                                     src/app/communication/comprocess.o
                                                  src/app/sys_init/sys_init.o
                                                  src/app/basetimer/basetimer.o